infinity           drag 0.00 baseline           | net   52.90 (main   28.79 add  24.11) dd  55.33 daily  50.91 | trades 194 wins 110 | risk main    569 add    55 | later    2.87
infinity           drag 0.00 delayed_adverse    | net   27.36 (main   18.96 add   8.44) dd  32.01 daily  28.22 | trades 156 wins  60 | risk main    218 add    46 | later   -1.80 | setups 196 fills 124 missed-win 72 amb 5 wr 0.36 mean main 0.23 entry gain 149.85
infinity           drag 0.00 delayed_favorable  | net   30.20 (main   22.80 add   7.45) dd  32.01 daily  28.22 | trades 152 wins  60 | risk main    221 add    47 | later   -0.82 | setups 195 fills 120 missed-win 71 amb 5 wr 0.38 mean main 0.26 entry gain 150.10
infinity           drag 0.00 half_main_in_debt  | net   21.73 (main   -0.41 add  22.10) dd  30.69 daily  28.09 | trades 219 wins 126 | risk main    415 add    59 | later  -13.94
infinity           drag 0.00 tl_projected       | net  -24.87 (main  -19.61 add  -5.25) dd  28.46 daily  23.62 | trades 115 wins  51 | risk main    112 add    17 | later  -17.07 | pairs 479 touches 300 entries 115 geom-rej 4 gap 28 pre-confirm 307 arm->touch med 360s stop/spread med 12.83
infinity           drag 0.00 tl_horizontal      | net   -0.90 (main    5.60 add  -6.48) dd   8.54 daily   6.80 | trades  98 wins  53 | risk main     63 add     7 | later    3.78 | pairs 479 touches 244 entries 98 geom-rej 34 gap 7 pre-confirm 307 arm->touch med 420s stop/spread med 7.84
u224016179         drag 0.00 baseline           | net   62.73 (main   34.66 add  28.00) dd  73.51 daily  67.39 | trades 198 wins 112 | risk main    812 add    66 | later   -3.34
u224016179         drag 0.00 delayed_adverse    | net   38.57 (main   38.36 add   0.19) dd  39.94 daily  34.23 | trades 154 wins  61 | risk main    339 add    54 | later   -1.87 | setups 186 fills 121 missed-win 65 amb 5 wr 0.35 mean main 0.33 entry gain 237.86
u224016179         drag 0.00 delayed_favorable  | net   34.90 (main   37.55 add  -2.66) dd  39.94 daily  34.23 | trades 149 wins  60 | risk main    337 add    50 | later   -8.69 | setups 183 fills 115 missed-win 64 amb 5 wr 0.36 mean main 0.37 entry gain 232.75
u224016179         drag 0.00 half_main_in_debt  | net   41.84 (main   15.79 add  26.03) dd  31.79 daily  29.18 | trades 222 wins 128 | risk main    454 add    69 | later   -1.15
u224016179         drag 0.00 tl_projected       | net  -44.46 (main  -39.96 add  -4.49) dd  49.18 daily  43.70 | trades 114 wins  50 | risk main    214 add    18 | later  -28.23 | pairs 479 touches 300 entries 114 geom-rej 4 gap 28 pre-confirm 307 arm->touch med 360s stop/spread med 12.83
u224016179         drag 0.00 tl_horizontal      | net    6.24 (main   11.20 add  -4.94) dd  11.82 daily  10.35 | trades  98 wins  53 | risk main    127 add    10 | later   14.14 | pairs 479 touches 244 entries 98 geom-rej 34 gap 7 pre-confirm 307 arm->touch med 420s stop/spread med 7.84
bos                drag 0.00 baseline           | net   78.24 (main   35.43 add  42.82) dd 118.75 daily 107.78 | trades 185 wins 104 | risk main   1239 add    74 | later  -12.45
bos                drag 0.00 delayed_adverse    | net   69.38 (main   52.03 add  17.42) dd  52.31 daily  44.73 | trades 154 wins  60 | risk main    538 add    62 | later   15.52 | setups 187 fills 123 missed-win 64 amb 5 wr 0.36 mean main 0.60 entry gain 365.66
bos                drag 0.00 delayed_favorable  | net   73.72 (main   56.37 add  17.42) dd  52.31 daily  44.73 | trades 150 wins  60 | risk main    540 add    62 | later   14.59 | setups 187 fills 119 missed-win 64 amb 5 wr 0.37 mean main 0.65 entry gain 367.40
bos                drag 0.00 half_main_in_debt  | net   19.14 (main  -18.95 add  38.09) dd  43.62 daily  41.03 | trades 217 wins 126 | risk main    504 add    65 | later  -16.53
bos                drag 0.00 tl_projected       | net  -67.25 (main  -62.75 add  -4.49) dd  70.53 daily  56.00 | trades 114 wins  50 | risk main    332 add    18 | later  -40.03 | pairs 479 touches 300 entries 114 geom-rej 4 gap 28 pre-confirm 307 arm->touch med 360s stop/spread med 12.83
bos                drag 0.00 tl_horizontal      | net   12.55 (main   16.76 add  -4.22) dd  15.57 daily  14.32 | trades  98 wins  53 | risk main    190 add    10 | later   22.90 | pairs 479 touches 244 entries 98 geom-rej 34 gap 7 pre-confirm 307 arm->touch med 420s stop/spread med 7.84
reference_uncapped drag 0.00 baseline           | net   53.06 (main   53.05 add   0.00) dd  91.16 daily  83.41 | trades 299 wins 171 | risk main   1189 add     0 | later  -39.88
reference_uncapped drag 0.00 delayed_adverse    | net   52.56 (main   52.54 add   0.00) dd  50.73 daily  46.11 | trades 196 wins  68 | risk main    417 add     0 | later   14.12 | setups 271 fills 168 missed-win 103 amb 8 wr 0.35 mean main 0.54 entry gain 334.83
reference_uncapped drag 0.00 delayed_favorable  | net   57.31 (main   57.30 add   0.00) dd  48.02 daily  43.41 | trades 189 wins  68 | risk main    413 add     0 | later   15.29 | setups 271 fills 161 missed-win 103 amb 8 wr 0.37 mean main 0.64 entry gain 323.18
reference_uncapped drag 0.00 half_main_in_debt  | net   19.37 (main   19.33 add   0.00) dd  46.60 daily  42.07 | trades 299 wins 171 | risk main    643 add     0 | later  -19.96
reference_uncapped drag 0.00 tl_projected       | net  -51.57 (main  -51.54 add   0.00) dd  51.54 daily  42.72 | trades 149 wins  69 | risk main    301 add     0 | later  -24.69 | pairs 479 touches 300 entries 149 geom-rej 4 gap 28 pre-confirm 307 arm->touch med 360s stop/spread med 12.83
reference_uncapped drag 0.00 tl_horizontal      | net    7.19 (main    7.20 add   0.00) dd  10.39 daily   8.58 | trades 105 wins  56 | risk main    135 add     0 | later   11.58 | pairs 479 touches 244 entries 105 geom-rej 34 gap 7 pre-confirm 307 arm->touch med 420s stop/spread med 7.84
infinity           drag 0.35 baseline           | net  -21.67 (main  -43.14 add  21.50) dd  60.69 daily  57.07 | trades 226 wins 133 | risk main    475 add    66 | later  -52.77
infinity           drag 0.35 delayed_adverse    | net  -10.07 (main  -14.67 add   4.55) dd  37.10 daily  34.85 | trades 161 wins  60 | risk main    167 add    44 | later  -24.66 | setups 222 fills 139 missed-win 83 amb 6 wr 0.37 mean main -0.00 entry gain 137.11
infinity           drag 0.35 delayed_favorable  | net   -3.59 (main   -2.93 add  -0.72) dd  27.62 daily  24.94 | trades 155 wins  59 | risk main    154 add    43 | later  -15.69 | setups 221 fills 133 missed-win 83 amb 6 wr 0.38 mean main 0.08 entry gain 124.79
infinity           drag 0.35 half_main_in_debt  | net  -12.93 (main  -31.36 add  18.42) dd  44.96 daily  39.27 | trades 232 wins 135 | risk main    424 add    66 | later  -31.52
infinity           drag 0.35 tl_projected       | net  -56.25 (main  -41.26 add -15.03) dd  56.27 daily  51.47 | trades 119 wins  53 | risk main    119 add    18 | later  -30.94 | pairs 479 touches 300 entries 119 geom-rej 4 gap 28 pre-confirm 307 arm->touch med 360s stop/spread med 12.83
infinity           drag 0.35 tl_horizontal      | net  -25.28 (main  -11.71 add -13.58) dd  25.49 daily  25.48 | trades  97 wins  52 | risk main     63 add     8 | later   -9.74 | pairs 479 touches 244 entries 97 geom-rej 34 gap 7 pre-confirm 307 arm->touch med 420s stop/spread med 7.84
u224016179         drag 0.35 baseline           | net  -30.52 (main  -53.54 add  23.03) dd  65.23 daily  58.96 | trades 256 wins 149 | risk main    840 add   102 | later  -34.21
u224016179         drag 0.35 delayed_adverse    | net  -11.99 (main  -13.64 add   1.57) dd  55.01 daily  50.01 | trades 164 wins  58 | risk main    286 add    63 | later  -22.15 | setups 238 fills 149 missed-win 89 amb 7 wr 0.35 mean main 0.01 entry gain 251.05
u224016179         drag 0.35 delayed_favorable  | net   -9.20 (main   -7.72 add  -1.54) dd  52.10 daily  49.37 | trades 159 wins  60 | risk main    291 add    62 | later  -24.09 | setups 231 fills 140 missed-win 85 amb 7 wr 0.37 mean main 0.08 entry gain 245.98
u224016179         drag 0.35 half_main_in_debt  | net  -11.61 (main  -27.51 add  15.88) dd  40.83 daily  37.19 | trades 247 wins 144 | risk main    454 add    80 | later  -25.13
u224016179         drag 0.35 tl_projected       | net  -61.55 (main  -52.89 add  -8.69) dd  61.59 daily  61.55 | trades  93 wins  45 | risk main    171 add    15 | later  -12.32 | pairs 479 touches 300 entries 93 geom-rej 4 gap 28 pre-confirm 307 arm->touch med 360s stop/spread med 12.83
u224016179         drag 0.35 tl_horizontal      | net  -41.97 (main  -26.21 add -15.76) dd  42.30 daily  42.36 | trades  97 wins  52 | risk main    122 add    11 | later  -13.78 | pairs 479 touches 244 entries 97 geom-rej 34 gap 7 pre-confirm 307 arm->touch med 420s stop/spread med 7.84
bos                drag 0.35 baseline           | net  -65.01 (main  -89.20 add  24.20) dd 130.47 daily 130.51 | trades 158 wins  94 | risk main    929 add    54 | later  -93.69
bos                drag 0.35 delayed_adverse    | net  -12.93 (main  -26.51 add  13.61) dd  85.07 daily  76.47 | trades 161 wins  58 | risk main    499 add    73 | later  -31.03 | setups 228 fills 144 missed-win 84 amb 7 wr 0.36 mean main 0.20 entry gain 414.05
bos                drag 0.35 delayed_favorable  | net    7.63 (main  -10.00 add  17.66) dd  79.75 daily  75.66 | trades 153 wins  60 | risk main    513 add    71 | later  -20.06 | setups 204 fills 128 missed-win 71 amb 6 wr 0.38 mean main 0.32 entry gain 382.69
bos                drag 0.35 half_main_in_debt  | net  -19.46 (main  -41.49 add  22.03) dd  51.56 daily  46.21 | trades 248 wins 147 | risk main    513 add    80 | later  -35.50
bos                drag 0.35 tl_projected       | net  -65.00 (main  -61.95 add  -3.06) dd  65.01 daily  65.00 | trades  57 wins  27 | risk main    162 add    11 | later    0.00 | pairs 479 touches 300 entries 57 geom-rej 4 gap 28 pre-confirm 307 arm->touch med 360s stop/spread med 12.83
bos                drag 0.35 tl_horizontal      | net  -50.01 (main  -35.18 add -14.89) dd  50.60 daily  50.58 | trades  97 wins  52 | risk main    188 add    12 | later  -10.76 | pairs 479 touches 244 entries 97 geom-rej 34 gap 7 pre-confirm 307 arm->touch med 420s stop/spread med 7.84
reference_uncapped drag 0.35 baseline           | net  -51.59 (main  -51.60 add   0.00) dd 120.00 daily 113.53 | trades 299 wins 171 | risk main   1189 add     0 | later  -85.03
reference_uncapped drag 0.35 delayed_adverse    | net   -0.56 (main   -0.57 add   0.00) dd  66.13 daily  60.81 | trades 194 wins  66 | risk main    394 add     0 | later  -10.81 | setups 284 fills 179 missed-win 105 amb 9 wr 0.34 mean main 0.13 entry gain 352.92
reference_uncapped drag 0.35 delayed_favorable  | net    9.49 (main    9.48 add   0.00) dd  62.37 daily  57.06 | trades 186 wins  66 | risk main    388 add     0 | later   -4.31 | setups 283 fills 170 missed-win 105 amb 9 wr 0.36 mean main 0.23 entry gain 342.18
reference_uncapped drag 0.35 half_main_in_debt  | net  -27.98 (main  -27.98 add   0.00) dd  60.77 daily  56.76 | trades 299 wins 171 | risk main    620 add     0 | later  -42.52
reference_uncapped drag 0.35 tl_projected       | net -103.72 (main -103.69 add   0.00) dd 103.69 daily  94.17 | trades 149 wins  69 | risk main    301 add     0 | later  -46.04 | pairs 479 touches 300 entries 149 geom-rej 4 gap 28 pre-confirm 307 arm->touch med 360s stop/spread med 12.83
reference_uncapped drag 0.35 tl_horizontal      | net  -29.56 (main  -29.55 add   0.00) dd  29.93 daily  29.94 | trades 105 wins  56 | risk main    135 add     0 | later   -6.62 | pairs 479 touches 244 entries 105 geom-rej 34 gap 7 pre-confirm 307 arm->touch med 420s stop/spread med 7.84
DONE
