=== effective configs (manifest only) ===
infinity valere {"lot": "base_lot 0.02", "bullets": "max_extra 3, adds_on True -> 3", "jar": "True", "kill_net": "-60", "day_cap": "3.00", "risk_fit": "risk_fit_pct 0.0% -> 0.0% of the CURRENT balance", "rr/k_streak": "0.8 / 2", "gates": "nervosity False, movement True", "internal": "0", "debt_gate": "True -> harness debt_gate 1 (0 = every BOS taken in debt)", "limits": "LIVE order on balance 175.70 + run: min_balance 20 refusal -> policy -> fit -> hard cap 10% of the current balance on the FINAL lot (refuse)", "scaling": "ON: lot and day cap from (balance + run)/200 once per UTC day (live cadence)", "drag": "0.00 $/0.02 lot", "fixed_validated": {"chest_cap": "CHEST_CAP == 10.0", "jar_skim": "JAR_SKIM == 0.5", "jar_stake": "JAR_STAKE == 0.5", "jar_debt_mult": "JAR_DEBT_MULT == 0.5", "jar_floor_cap": "JAR_FLOOR_CAP == 10.0"}, "fixed_behaviour": {"day_cap_waived": true, "debt_mode": "hwm", "touch_entries": false, "eq_half": false, "recov_bullets_only": false, "max_trades_day": null}}
u224016179 valere_cap3 {"lot": "base_lot 0.02", "bullets": "max_extra 3, adds_on True -> 3", "jar": "True", "kill_net": "-60", "day_cap": "3.00", "risk_fit": "risk_fit_pct 3.0% -> 3.0% of the CURRENT balance", "rr/k_streak": "0.8 / 2", "gates": "nervosity False, movement True", "internal": "0", "debt_gate": "True -> harness debt_gate 1 (0 = every BOS taken in debt)", "limits": "LIVE order on balance 267.42 + run: min_balance 20 refusal -> policy -> fit -> hard cap 10% of the current balance on the FINAL lot (refuse)", "scaling": "ON: lot and day cap from (balance + run)/200 once per UTC day (live cadence)", "drag": "0.00 $/0.02 lot", "fixed_validated": {"chest_cap": "CHEST_CAP == 10.0", "jar_skim": "JAR_SKIM == 0.5", "jar_stake": "JAR_STAKE == 0.5", "jar_debt_mult": "JAR_DEBT_MULT == 0.5", "jar_floor_cap": "JAR_FLOOR_CAP == 10.0"}, "fixed_behaviour": {"day_cap_waived": true, "debt_mode": "hwm", "touch_entries": false, "eq_half": false, "recov_bullets_only": false, "max_trades_day": null}}
bos special_10 {"lot": "base_lot 0.02", "bullets": "max_extra 3, adds_on True -> 3", "jar": "True", "kill_net": "-60", "day_cap": "3.00", "risk_fit": "risk_fit_pct 0.0% -> 0.0% of the CURRENT balance", "rr/k_streak": "0.8 / 2", "gates": "nervosity False, movement True", "internal": "0", "debt_gate": "True -> harness debt_gate 1 (0 = every BOS taken in debt)", "limits": "LIVE order on balance 360.37 + run: min_balance 20 refusal -> policy -> fit -> hard cap 10% of the current balance on the FINAL lot (refuse)", "scaling": "ON: lot and day cap from (balance + run)/200 once per UTC day (live cadence)", "drag": "0.00 $/0.02 lot", "fixed_validated": {"chest_cap": "CHEST_CAP == 10.0", "jar_skim": "JAR_SKIM == 0.5", "jar_stake": "JAR_STAKE == 0.5", "jar_debt_mult": "JAR_DEBT_MULT == 0.5", "jar_floor_cap": "JAR_FLOOR_CAP == 10.0"}, "fixed_behaviour": {"day_cap_waived": true, "debt_mode": "hwm", "touch_entries": false, "eq_half": false, "recov_bullets_only": false, "max_trades_day": null}}
reference_uncapped reference {"lot": "base_lot 0.02", "bullets": "max_extra 0, adds_on False -> 0", "jar": "False", "kill_net": "-100000", "day_cap": "none", "risk_fit": "risk_fit_pct 0.0% -> 0.0% of the CURRENT balance", "rr/k_streak": "0.8 / 2", "gates": "nervosity False, movement True", "internal": "0", "debt_gate": "False -> harness debt_gate 0 (0 = every BOS taken in debt)", "limits": "LIVE order on balance 1000.00 + run: min_balance 20 refusal -> policy -> fit -> hard cap 10% of the current balance on the FINAL lot (refuse)", "scaling": "OFF (fixed lot; the balance still exists for the limits)", "drag": "0.00 $/0.02 lot", "fixed_validated": {"chest_cap": "CHEST_CAP == 10.0", "jar_skim": "JAR_SKIM == 0.5", "jar_stake": "JAR_STAKE == 0.5", "jar_debt_mult": "JAR_DEBT_MULT == 0.5", "jar_floor_cap": "JAR_FLOOR_CAP == 10.0"}, "fixed_behaviour": {"day_cap_waived": true, "debt_mode": "hwm", "touch_entries": false, "eq_half": false, "recov_bullets_only": false, "max_trades_day": null}}
strictness: REJECT Valere - $3 par jour: unhandled package fields ['unexpected_entry_rule']
strictness: REJECT Valere - $3 par jour: eq_half=True is not modelled (simulator behaviour fixed at False)
strictness: REJECT Valere - $3 par jour: jar_skim=0.4 but the loaded simulator constant JAR_SKIM is 0.5

=== reference reconciliation ===
drag 0.00: canonical (recorder spec) 299 outcomes net 53.05 | old n_cont=999 298 outcomes net 34.35 | only canonical 1, only old 0
drag 0.35: canonical (recorder spec) 299 outcomes net -51.60 | old n_cont=999 298 outcomes net -69.95 | only canonical 1, only old 0

=== parity contrasts (live-order limits on the current balance) ===
1. 3% risk-fit on the CURRENT balance (Depenses): fit cap ranged $7.62..$11.79 over the run (start $8.02); risks changed 53; e.g. (t, balance, fit, risk before, after, lot) [(1788144600, 275.56, 8.27, 9.18, 4.59, 0.01), (1788167280, 257.93, 7.74, 8.06, 4.03, 0.01), (1788190980, 258.02, 7.74, 9.45, 4.73, 0.01)]
2. hard 10% cap on the FINAL lot vs the current balance (Infinity, $175.70): trades that break it without the cap 0 (0 of them would PASS the legacy fixed $23 ceiling); trades with cap 194 vs without 194; e.g. []
3. order fit -> cap: 17 traced trades were shrunk by the fit; 0 of them exceed the hard cap on the FINAL lot (must be 0)
4. balance scaling at live cadence (Infinity): proposed lots seen [0.01, 0.02] (static [0.01]); net daily 52.90 vs static 54.93
5. rounding from the decision's OWN ladder (Infinity primary): policy lot > proposed lot 0 (must be 0); halved 31 of 194; at the 0.01 floor 70 decisions could not halve the MAIN
6. min_balance modelled: with balance $25 and the $20 floor, 333 refusals (minbal) over the run
7. add rule on the REQUESTED multiplier (Infinity primary): triggered at the 0.01 floor 0 decisions -> main stays 0.01 (achieved 1.0), permitted adds 3 -> 1: True; triggered at 0.02: 31 -> main 0.01, adds 1: True; untriggered 163 keep 3: True; fired adds above budget 0 (must be 0); e.g. {'t': None, 'lot_prop': None, 'lot_pol': None, 'req_mult': None, 'ach_mult': None, 'add_cnt_before': None, 'add_cnt_after': None, 'add_permitted_before': None, 'add_permitted_risk': None, 'add_n': None}
7b. forced floor (Infinity package, fixed 0.01 lot): triggered 35 -> main 0.01 kept, achieved 1.0, adds 3 -> 1: True; untriggered 186 keep 3: True; fired over budget 0; e.g. {'t': 1790172000, 'lot_prop': 0.01, 'lot_pol': 0.01, 'req_mult': 0.5, 'ach_mult': 1.0, 'add_cnt_before': 3, 'add_cnt_after': 1, 'add_permitted_before': 3.78, 'add_permitted_risk': 1.26, 'add_n': 0}

=== matched control k per regime (development, dataset b, canonical reference, live-order limits) ===
infinity           valere      drag 0.00 A | (cached) primary ratio 0.999 k=2 beats net 2/2 dd 0/2
u224016179         valere_cap3 drag 0.00 A | (cached) primary ratio 1.081 k=2 beats net 2/2 dd 0/2
bos                special_10  drag 0.00 A | (cached) primary ratio 0.995 k=2 beats net 1/2 dd 0/2
reference_uncapped reference   drag 0.00 A | (cached) primary ratio 0.818 k=6 beats net 4/6 dd 6/6
infinity           valere      drag 0.35 B | (cached) primary ratio 0.924 k=2 beats net 1/2 dd 1/2
u224016179         valere_cap3 drag 0.35 B | (cached) primary ratio 0.846 k=4 beats net 1/4 dd 4/4
bos                special_10  drag 0.35 B | (cached) primary ratio 0.705 k=2 beats net 1/2 dd 2/2
reference_uncapped reference   drag 0.35 B | (cached) primary ratio 0.704 k=4 beats net 4/4 dd 4/4

manifest updated
