=== effective configs (manifest only) ===
infinity valere {"lot": "base_lot 0.02", "bullets": "max_extra 3, adds_on True -> 3", "jar": "True", "kill_net": "-60", "day_cap": "3.00", "risk_fit": "risk_fit_pct 0.0% -> 0.0% of the CURRENT balance", "rr/k_streak": "0.8 / 2", "gates": "nervosity False, movement True", "internal": "0", "debt_gate": "True -> harness debt_gate 1 (0 = every BOS taken in debt)", "limits": "LIVE order on balance 175.70 + run: min_balance 20 refusal -> policy -> fit -> hard cap 10% of the current balance on the FINAL lot (refuse)", "scaling": "ON: lot and day cap from (balance + run)/200 once per UTC day (live cadence)", "drag": "0.00 $/0.02 lot", "fixed_validated": {"chest_cap": "CHEST_CAP == 10.0", "jar_skim": "JAR_SKIM == 0.5", "jar_stake": "JAR_STAKE == 0.5", "jar_debt_mult": "JAR_DEBT_MULT == 0.5", "jar_floor_cap": "JAR_FLOOR_CAP == 10.0"}, "fixed_behaviour": {"day_cap_waived": true, "debt_mode": "hwm", "touch_entries": false, "eq_half": false, "recov_bullets_only": false, "max_trades_day": null}}
u224016179 valere_cap3 {"lot": "base_lot 0.02", "bullets": "max_extra 3, adds_on True -> 3", "jar": "True", "kill_net": "-60", "day_cap": "3.00", "risk_fit": "risk_fit_pct 3.0% -> 3.0% of the CURRENT balance", "rr/k_streak": "0.8 / 2", "gates": "nervosity False, movement True", "internal": "0", "debt_gate": "True -> harness debt_gate 1 (0 = every BOS taken in debt)", "limits": "LIVE order on balance 267.42 + run: min_balance 20 refusal -> policy -> fit -> hard cap 10% of the current balance on the FINAL lot (refuse)", "scaling": "ON: lot and day cap from (balance + run)/200 once per UTC day (live cadence)", "drag": "0.00 $/0.02 lot", "fixed_validated": {"chest_cap": "CHEST_CAP == 10.0", "jar_skim": "JAR_SKIM == 0.5", "jar_stake": "JAR_STAKE == 0.5", "jar_debt_mult": "JAR_DEBT_MULT == 0.5", "jar_floor_cap": "JAR_FLOOR_CAP == 10.0"}, "fixed_behaviour": {"day_cap_waived": true, "debt_mode": "hwm", "touch_entries": false, "eq_half": false, "recov_bullets_only": false, "max_trades_day": null}}
bos special_10 {"lot": "base_lot 0.02", "bullets": "max_extra 3, adds_on True -> 3", "jar": "True", "kill_net": "-60", "day_cap": "3.00", "risk_fit": "risk_fit_pct 0.0% -> 0.0% of the CURRENT balance", "rr/k_streak": "0.8 / 2", "gates": "nervosity False, movement True", "internal": "0", "debt_gate": "True -> harness debt_gate 1 (0 = every BOS taken in debt)", "limits": "LIVE order on balance 360.37 + run: min_balance 20 refusal -> policy -> fit -> hard cap 10% of the current balance on the FINAL lot (refuse)", "scaling": "ON: lot and day cap from (balance + run)/200 once per UTC day (live cadence)", "drag": "0.00 $/0.02 lot", "fixed_validated": {"chest_cap": "CHEST_CAP == 10.0", "jar_skim": "JAR_SKIM == 0.5", "jar_stake": "JAR_STAKE == 0.5", "jar_debt_mult": "JAR_DEBT_MULT == 0.5", "jar_floor_cap": "JAR_FLOOR_CAP == 10.0"}, "fixed_behaviour": {"day_cap_waived": true, "debt_mode": "hwm", "touch_entries": false, "eq_half": false, "recov_bullets_only": false, "max_trades_day": null}}
reference_uncapped reference {"lot": "base_lot 0.02", "bullets": "max_extra 0, adds_on False -> 0", "jar": "False", "kill_net": "-100000", "day_cap": "none", "risk_fit": "risk_fit_pct 0.0% -> 0.0% of the CURRENT balance", "rr/k_streak": "0.8 / 2", "gates": "nervosity False, movement True", "internal": "0", "debt_gate": "False -> harness debt_gate 0 (0 = every BOS taken in debt)", "limits": "LIVE order on balance 1000.00 + run: min_balance 20 refusal -> policy -> fit -> hard cap 10% of the current balance on the FINAL lot (refuse)", "scaling": "OFF (fixed lot; the balance still exists for the limits)", "drag": "0.00 $/0.02 lot", "fixed_validated": {"chest_cap": "CHEST_CAP == 10.0", "jar_skim": "JAR_SKIM == 0.5", "jar_stake": "JAR_STAKE == 0.5", "jar_debt_mult": "JAR_DEBT_MULT == 0.5", "jar_floor_cap": "JAR_FLOOR_CAP == 10.0"}, "fixed_behaviour": {"day_cap_waived": true, "debt_mode": "hwm", "touch_entries": false, "eq_half": false, "recov_bullets_only": false, "max_trades_day": null}}
strictness: REJECT Valere - $3 par jour: unhandled package fields ['unexpected_entry_rule']
strictness: REJECT Valere - $3 par jour: eq_half=True is not modelled (simulator behaviour fixed at False)
strictness: REJECT Valere - $3 par jour: jar_skim=0.4 but the loaded simulator constant JAR_SKIM is 0.5

=== reference reconciliation ===
drag 0.00: canonical (recorder spec) 299 outcomes net 53.05 | old n_cont=999 298 outcomes net 34.35 | only canonical 1, only old 0
drag 0.35: canonical (recorder spec) 299 outcomes net -51.60 | old n_cont=999 298 outcomes net -69.95 | only canonical 1, only old 0

=== parity contrasts (live-order limits on the current balance) ===
1. 3% risk-fit on the CURRENT balance (Depenses): fit cap ranged $7.62..$11.79 over the run (start $8.02); risks changed 53; e.g. (t, balance, fit, risk before, after, lot) [(1788144600, 275.56, 8.27, 9.18, 4.59, 0.01), (1788167280, 257.93, 7.74, 8.06, 4.03, 0.01), (1788190980, 258.02, 7.74, 9.45, 4.73, 0.01)]
2. hard 10% cap on the FINAL lot vs the current balance (Infinity, $175.70): trades that break it without the cap 0 (0 of them would PASS the legacy fixed $23 ceiling); trades with cap 194 vs without 194; e.g. []
3. order fit -> cap: 17 traced trades were shrunk by the fit; 0 of them exceed the hard cap on the FINAL lot (must be 0)
4. balance scaling at live cadence (Infinity): proposed lots seen [0.01, 0.02] (static [0.01]); net daily 52.90 vs static 54.93
5. rounding from the decision's OWN ladder (Infinity primary): policy lot > proposed lot 0 (must be 0); halved 31 of 193; at the 0.01 floor 70 decisions could not halve the MAIN
6. min_balance modelled: with balance $25 and the $20 floor, 333 refusals (minbal) over the run

=== matched control k per regime (development, dataset b, canonical reference, live-order limits) ===
infinity           valere      drag 0.00 A | base net   52.90 dd  55.33 | primary net   35.60 dd  55.28 ratio 0.999 | cut main  62.01 adds  24.65 | k=4 beats net 2/4 dd 1/4 | unkeyed [2, 32, 6, 2]
u224016179         valere_cap3 drag 0.00 A | base net   62.73 dd  73.51 | primary net   50.68 dd  68.42 ratio 0.931 | cut main 113.56 adds  27.17 | k=2 beats net 2/2 dd 0/2 | unkeyed [60, 28]
bos                special_10  drag 0.00 A | base net   78.24 dd 118.75 | primary net   65.23 dd 118.16 ratio 0.995 | cut main 138.70 adds  35.84 | k=2 beats net 1/2 dd 0/2 | unkeyed [27, 61]
reference_uncapped reference   drag 0.00 A | base net   53.06 dd  91.16 | primary net   54.12 dd  74.57 ratio 0.818 | cut main  92.95 adds   0.00 | k=6 beats net 4/6 dd 6/6 | unkeyed [0, 0, 0, 0, 0, 0]
infinity           valere      drag 0.35 B | base net  -21.67 dd  60.69 | primary net    4.07 dd  56.05 ratio 0.924 | cut main -54.51 adds  60.78 | k=2 beats net 1/2 dd 1/2 | unkeyed [9, 6]
