ticks in window 4869156 invalid 0
u224016179: opportunities 857
u224016179         drag 0.00 immediate|current|cap_on         | net    62.24 cc_dd   61.10 mtm_dd   63.83 | trades 206 wins 112 main    54.47 adds   7.78 | risk    840 | h1   48.33 h2   13.90 | setups   0 missed   0 | admitted   0 (-) | capoff   0 | daycap 143 debtgate  37 | 1132s
u224016179         drag 0.00 immediate|current|cap_off        | net    64.02 cc_dd   62.19 mtm_dd   66.57 | trades 273 wins 149 main    30.24 adds  33.74 | risk   1161 | h1   55.99 h2    8.05 | setups   0 missed   0 | admitted   0 (-) | capoff  30 | daycap   0 debtgate  57 | 1132s
u224016179         drag 0.00 immediate|all_bos|cap_on         | net     8.63 cc_dd   55.80 mtm_dd   58.11 | trades 265 wins 139 main   -17.46 adds  26.09 | risk    948 | h1   30.70 h2  -22.05 | setups   0 missed   0 | admitted  39 (-11.9) | capoff   0 | daycap  94 debtgate   0 | 1132s
u224016179         drag 0.00 immediate|all_bos|cap_off        | net    59.55 cc_dd   70.66 mtm_dd   75.51 | trades 312 wins 168 main    11.20 adds  48.27 | risk   1464 | h1   57.36 h2    2.16 | setups   0 missed   0 | admitted  41 (-27.35) | capoff  24 | daycap   0 debtgate   0 | 1132s
u224016179         drag 0.00 delay_debt|current|cap_on        | net    48.14 cc_dd   32.86 mtm_dd   34.44 | trades 141 wins  49 main    53.38 adds  -5.22 | risk    343 | h1   43.41 h2    4.75 | setups 167 missed  54 | admitted   0 (-) | capoff   0 | daycap 140 debtgate  35 | 1132s
u224016179         drag 0.00 delay_debt|current|cap_off       | net    79.00 cc_dd   47.94 mtm_dd   48.58 | trades 172 wins  59 main    78.07 adds   0.92 | risk    478 | h1   71.89 h2    7.11 | setups 224 missed  83 | admitted   0 (-) | capoff  18 | daycap   0 debtgate  50 | 1132s
u224016179         drag 0.00 delay_debt|all_bos|cap_on        | net    88.43 cc_dd   34.40 mtm_dd   49.32 | trades 147 wins  54 main    64.28 adds  24.18 | risk    369 | h1   46.09 h2   42.37 | setups 168 missed  56 | admitted  21 (23.08) | capoff   0 | daycap 155 debtgate   0 | 1132s
u224016179         drag 0.00 delay_debt|all_bos|cap_off       | net    83.92 cc_dd   45.55 mtm_dd   50.38 | trades 193 wins  62 main    77.91 adds   6.01 | risk    532 | h1   51.85 h2   32.11 | setups 262 missed  96 | admitted  36 (4.03) | capoff  18 | daycap   0 debtgate   0 | 1132s
u224016179         drag 0.00 delay_always|current|cap_on      | net    79.80 cc_dd   43.01 mtm_dd   43.16 | trades 138 wins  44 main    84.31 adds  -4.53 | risk    319 | h1   57.43 h2   22.37 | setups 214 missed  76 | admitted   0 (-) | capoff   0 | daycap 115 debtgate  36 | 1132s
u224016179         drag 0.00 delay_always|current|cap_off     | net    94.76 cc_dd   55.28 mtm_dd   55.46 | trades 160 wins  48 main    96.53 adds  -1.80 | risk    413 | h1   86.03 h2    8.74 | setups 256 missed  96 | admitted   0 (-) | capoff  26 | daycap   0 debtgate  46 | 1132s
u224016179         drag 0.00 delay_always|all_bos|cap_on      | net   142.39 cc_dd   29.19 mtm_dd   31.01 | trades 140 wins  48 main   131.96 adds  10.40 | risk    332 | h1   50.36 h2   92.05 | setups 218 missed  78 | admitted  21 (37.59) | capoff   0 | daycap 138 debtgate   0 | 1132s
u224016179         drag 0.00 delay_always|all_bos|cap_off     | net   123.18 cc_dd   44.11 mtm_dd   51.09 | trades 182 wins  53 main   112.57 adds  10.59 | risk    485 | h1   78.34 h2   44.88 | setups 287 missed 105 | admitted  33 (7.03) | capoff  20 | daycap   0 debtgate   0 | 1132s
u224016179         drag 0.00 half_main                        | net    34.55 cc_dd   33.03 mtm_dd   34.98 | trades 229 wins 123 main    18.31 adds  16.19 | risk    466 | h1   32.13 h2    2.40 | setups   0 missed   0 | admitted   0 (-) | capoff   0 | daycap 100 debtgate  47 | 1132s
u224016179         drag 0.35 immediate|current|cap_on         | net   -44.82 cc_dd   64.69 mtm_dd   66.30 | trades 268 wins 147 main   -53.92 adds   9.09 | risk    892 | h1  -18.65 h2  -26.13 | setups   0 missed   0 | admitted   0 (-) | capoff   0 | daycap  24 debtgate  62 | 1118s
u224016179         drag 0.35 immediate|current|cap_off        | net   -33.48 cc_dd   64.70 mtm_dd   66.20 | trades 268 wins 149 main   -39.53 adds   6.01 | risk    911 | h1   -1.32 h2  -32.12 | setups   0 missed   0 | admitted   0 (-) | capoff  11 | daycap   0 debtgate  62 | 1118s
u224016179         drag 0.35 immediate|all_bos|cap_on         | net   -66.37 cc_dd   79.70 mtm_dd   81.83 | trades 175 wins  94 main   -63.00 adds  -3.33 | risk    553 | h1  -38.01 h2  -28.30 | setups   0 missed   0 | admitted  19 (-20.79) | capoff   0 | daycap  44 debtgate   0 | 1118s
u224016179         drag 0.35 immediate|all_bos|cap_off        | net   -25.19 cc_dd   71.57 mtm_dd   77.00 | trades 311 wins 168 main   -66.58 adds  41.39 | risk   1080 | h1  -21.73 h2   -3.46 | setups   0 missed   0 | admitted  44 (-10.0) | capoff   9 | daycap   0 debtgate   0 | 1118s
u224016179         drag 0.35 delay_debt|current|cap_on        | net    -1.14 cc_dd   48.98 mtm_dd   50.54 | trades 157 wins  50 main     4.28 adds  -5.43 | risk    309 | h1    8.95 h2  -10.13 | setups 216 missed  77 | admitted   0 (-) | capoff   0 | daycap  68 debtgate  38 | 1118s
u224016179         drag 0.35 delay_debt|current|cap_off       | net    -5.65 cc_dd   53.60 mtm_dd   57.18 | trades 165 wins  53 main     2.97 adds  -8.64 | risk    340 | h1   18.71 h2  -24.43 | setups 236 missed  89 | admitted   0 (-) | capoff  12 | daycap   0 debtgate  51 | 1118s
u224016179         drag 0.35 delay_debt|all_bos|cap_on        | net    11.75 cc_dd   53.02 mtm_dd   57.79 | trades 173 wins  54 main    11.11 adds   0.64 | risk    333 | h1    0.82 h2   10.88 | setups 240 missed  84 | admitted  26 (-3.03) | capoff   0 | daycap  77 debtgate   0 | 1118s
u224016179         drag 0.35 delay_debt|all_bos|cap_off       | net     4.72 cc_dd   53.02 mtm_dd   57.79 | trades 189 wins  58 main     4.36 adds   0.32 | risk    382 | h1   14.92 h2  -10.29 | setups 272 missed 100 | admitted  38 (-15.95) | capoff  11 | daycap   0 debtgate   0 | 1118s
u224016179         drag 0.35 delay_always|current|cap_on      | net    10.12 cc_dd   59.85 mtm_dd   60.35 | trades 156 wins  48 main    17.46 adds  -7.39 | risk    298 | h1   14.72 h2   -4.70 | setups 244 missed  88 | admitted   0 (-) | capoff   0 | daycap  50 debtgate  38 | 1118s
u224016179         drag 0.35 delay_always|current|cap_off     | net     3.92 cc_dd   59.85 mtm_dd   60.35 | trades 159 wins  48 main    10.96 adds  -7.09 | risk    339 | h1   36.13 h2  -32.28 | setups 253 missed  94 | admitted   0 (-) | capoff  14 | daycap   0 debtgate  50 | 1118s
u224016179         drag 0.35 delay_always|all_bos|cap_on      | net    62.92 cc_dd   52.00 mtm_dd   55.35 | trades 162 wins  50 main    50.69 adds  12.20 | risk    322 | h1   13.76 h2   49.08 | setups 253 missed  91 | admitted  24 (12.83) | capoff   0 | daycap  78 debtgate   0 | 1118s
u224016179         drag 0.35 delay_always|all_bos|cap_off     | net    13.84 cc_dd   59.24 mtm_dd   64.16 | trades 182 wins  53 main    10.14 adds   3.66 | risk    380 | h1   23.08 h2   -9.32 | setups 287 missed 105 | admitted  36 (-6.93) | capoff  13 | daycap   0 debtgate   0 | 1118s
u224016179         drag 0.35 half_main                        | net   -31.30 cc_dd   41.22 mtm_dd   42.35 | trades 259 wins 144 main   -23.33 adds  -7.96 | risk    498 | h1   -0.99 h2  -30.29 | setups   0 missed   0 | admitted   0 (-) | capoff   0 | daycap  10 debtgate  63 | 1118s
bos: opportunities 857
bos                drag 0.00 immediate|current|cap_on         | net    68.60 cc_dd  117.37 mtm_dd  120.82 | trades 181 wins  96 main    52.10 adds  16.45 | risk   1268 | h1   68.26 h2    0.30 | setups   0 missed   0 | admitted   0 (-) | capoff   0 | daycap 175 debtgate  35 | 1155s
bos                drag 0.00 immediate|current|cap_off        | net   112.52 cc_dd  127.33 mtm_dd  130.78 | trades 270 wins 148 main    44.66 adds  67.87 | risk   2057 | h1  119.95 h2   -7.45 | setups   0 missed   0 | admitted   0 (-) | capoff  33 | daycap   0 debtgate  46 | 1155s
bos                drag 0.00 immediate|all_bos|cap_on         | net   228.28 cc_dd   67.29 mtm_dd   79.73 | trades 166 wins  97 main   192.12 adds  36.12 | risk   1206 | h1   76.94 h2  151.29 | setups   0 missed   0 | admitted  15 (4.58) | capoff   0 | daycap 218 debtgate   0 | 1155s
bos                drag 0.00 immediate|all_bos|cap_off        | net   171.00 cc_dd  147.31 mtm_dd  156.84 | trades 304 wins 165 main    86.28 adds  84.68 | risk   2610 | h1  166.17 h2    4.80 | setups   0 missed   0 | admitted  36 (-44.29) | capoff  31 | daycap   0 debtgate   0 | 1155s
bos                drag 0.00 delay_debt|current|cap_on        | net    84.07 cc_dd   40.41 mtm_dd   46.98 | trades 146 wins  51 main    74.89 adds   9.14 | risk    534 | h1   59.71 h2   24.37 | setups 181 missed  61 | admitted   0 (-) | capoff   0 | daycap 115 debtgate  38 | 1155s
bos                drag 0.00 delay_debt|current|cap_off       | net   109.61 cc_dd   72.70 mtm_dd   73.76 | trades 173 wins  60 main   102.86 adds   6.72 | risk    723 | h1   99.26 h2   10.38 | setups 223 missed  83 | admitted   0 (-) | capoff  20 | daycap   0 debtgate  49 | 1155s
bos                drag 0.00 delay_debt|all_bos|cap_on        | net   150.23 cc_dd   62.55 mtm_dd   82.02 | trades 141 wins  53 main   117.04 adds  33.16 | risk    537 | h1   59.29 h2   90.93 | setups 175 missed  63 | admitted  21 (11.87) | capoff   0 | daycap 153 debtgate   0 | 1155s
bos                drag 0.00 delay_debt|all_bos|cap_off       | net   113.41 cc_dd   77.34 mtm_dd   82.02 | trades 192 wins  61 main    94.91 adds  18.51 | risk    739 | h1   68.28 h2   45.19 | setups 264 missed  97 | admitted  36 (4.07) | capoff  16 | daycap   0 debtgate   0 | 1155s
bos                drag 0.00 delay_always|current|cap_on      | net   126.41 cc_dd   53.94 mtm_dd   60.21 | trades 148 wins  45 main   117.15 adds   9.22 | risk    516 | h1   70.24 h2   56.18 | setups 224 missed  76 | admitted   0 (-) | capoff   0 | daycap  98 debtgate  34 | 1155s
bos                drag 0.00 delay_always|current|cap_off     | net   135.74 cc_dd   65.25 mtm_dd   65.47 | trades 160 wins  48 main   131.18 adds   4.50 | risk    599 | h1  120.07 h2   15.67 | setups 255 missed  95 | admitted   0 (-) | capoff  24 | daycap   0 debtgate  47 | 1155s
bos                drag 0.00 delay_always|all_bos|cap_on      | net   236.38 cc_dd   41.85 mtm_dd   44.26 | trades 126 wins  45 main   211.87 adds  24.49 | risk    437 | h1   68.48 h2  167.90 | setups 195 missed  69 | admitted  18 (64.42) | capoff   0 | daycap 178 debtgate   0 | 1155s
bos                drag 0.00 delay_always|all_bos|cap_off     | net   161.04 cc_dd   81.84 mtm_dd   89.78 | trades 182 wins  53 main   138.26 adds  22.78 | risk    696 | h1  110.34 h2   50.75 | setups 287 missed 105 | admitted  34 (12.92) | capoff  25 | daycap   0 debtgate   0 | 1155s
bos                drag 0.00 half_main                        | net    14.59 cc_dd   45.09 mtm_dd   47.57 | trades 224 wins 124 main    -0.01 adds  14.53 | risk    526 | h1   34.37 h2  -19.83 | setups   0 missed   0 | admitted   0 (-) | capoff   0 | daycap  57 debtgate  51 | 1155s
bos                drag 0.35 immediate|current|cap_on         | net   -72.13 cc_dd  117.02 mtm_dd  118.26 | trades 162 wins  89 main   -80.99 adds   8.86 | risk    902 | h1   13.91 h2  -86.02 | setups   0 missed   0 | admitted   0 (-) | capoff   0 | daycap  63 debtgate  27 | 1442s
bos                drag 0.35 immediate|current|cap_off        | net     7.13 cc_dd  129.72 mtm_dd  139.19 | trades 259 wins 145 main   -44.84 adds  51.95 | risk   1732 | h1   58.22 h2  -51.13 | setups   0 missed   0 | admitted   0 (-) | capoff  19 | daycap   0 debtgate  50 | 1442s
bos                drag 0.35 immediate|all_bos|cap_on         | net   -66.21 cc_dd  131.90 mtm_dd  133.15 | trades 172 wins  92 main   -87.72 adds  21.57 | risk   1087 | h1   28.51 h2  -94.65 | setups   0 missed   0 | admitted  19 (-29.61) | capoff   0 | daycap  78 debtgate   0 | 1442s
bos                drag 0.35 immediate|all_bos|cap_off        | net   -65.43 cc_dd  164.89 mtm_dd  167.12 | trades 207 wins 112 main   -94.24 adds  28.82 | risk   1390 | h1   30.96 h2  -96.35 | setups   0 missed   0 | admitted  19 (-30.51) | capoff  19 | daycap   0 debtgate   0 | 1442s
bos                drag 0.35 delay_debt|current|cap_on        | net    -4.23 cc_dd   66.41 mtm_dd   72.17 | trades 158 wins  49 main    -1.85 adds  -2.37 | risk    482 | h1    5.13 h2   -9.37 | setups 222 missed  78 | admitted   0 (-) | capoff   0 | daycap  55 debtgate  38 | 1442s
bos                drag 0.35 delay_debt|current|cap_off       | net     1.63 cc_dd   75.80 mtm_dd   80.60 | trades 165 wins  53 main     2.61 adds  -0.98 | risk    536 | h1   32.93 h2  -31.31 | setups 236 missed  89 | admitted   0 (-) | capoff  12 | daycap   0 debtgate  51 | 1442s
bos                drag 0.35 delay_debt|all_bos|cap_on        | net   -66.38 cc_dd   84.05 mtm_dd   87.31 | trades 128 wins  36 main   -72.87 adds   6.51 | risk    369 | h1   -8.71 h2  -57.68 | setups 194 missed  74 | admitted  22 (-44.61) | capoff   0 | daycap  29 debtgate   0 | 1442s
bos                drag 0.35 delay_debt|all_bos|cap_off       | net    14.66 cc_dd   94.27 mtm_dd  100.16 | trades 189 wins  58 main    -4.17 adds  18.82 | risk    592 | h1   22.43 h2   -7.76 | setups 273 missed 100 | admitted  38 (-20.86) | capoff  10 | daycap   0 debtgate   0 | 1442s
bos                drag 0.35 delay_always|current|cap_on      | net    24.60 cc_dd   77.65 mtm_dd   78.35 | trades 153 wins  47 main    20.28 adds   4.32 | risk    461 | h1   25.62 h2   -1.03 | setups 236 missed  83 | admitted   0 (-) | capoff   0 | daycap  62 debtgate  38 | 1442s
bos                drag 0.35 delay_always|current|cap_off     | net    22.41 cc_dd   77.65 mtm_dd   83.08 | trades 159 wins  48 main    21.23 adds   1.23 | risk    521 | h1   57.68 h2  -35.25 | setups 253 missed  94 | admitted   0 (-) | capoff  13 | daycap   0 debtgate  50 | 1442s
bos                drag 0.35 delay_always|all_bos|cap_on      | net    87.06 cc_dd   88.14 mtm_dd   93.89 | trades 162 wins  50 main    60.37 adds  26.70 | risk    479 | h1   17.58 h2   69.46 | setups 253 missed  91 | admitted  24 (12.94) | capoff   0 | daycap  78 debtgate   0 | 1442s
bos                drag 0.35 delay_always|all_bos|cap_off     | net    24.28 cc_dd   95.86 mtm_dd  101.77 | trades 182 wins  53 main    11.38 adds  12.95 | risk    581 | h1   36.57 h2  -12.26 | setups 287 missed 105 | admitted  37 (-21.55) | capoff   9 | daycap   0 debtgate   0 | 1442s
bos                drag 0.35 half_main                        | net   -18.55 cc_dd   42.52 mtm_dd   44.17 | trades 248 wins 140 main   -26.38 adds   7.86 | risk    535 | h1    7.81 h2  -26.36 | setups   0 missed   0 | admitted   0 (-) | capoff   0 | daycap  15 debtgate  52 | 1442s
reference_uncapped: opportunities 857
reference_uncapped drag 0.00 immediate|current|cap_on         | net    60.59 cc_dd   84.72 mtm_dd   89.42 | trades 296 wins 161 main    60.60 adds   0.00 | risk   1220 | h1   93.09 h2  -32.48 | setups   0 missed   0 | admitted   0 (-) | capoff   0 | daycap   0 debtgate   0 | 1392s
reference_uncapped drag 0.00 immediate|current|cap_off        | net    60.59 cc_dd   84.72 mtm_dd   89.42 | trades 296 wins 161 main    60.60 adds   0.00 | risk   1220 | h1   93.09 h2  -32.48 | setups   0 missed   0 | admitted   0 (-) | capoff   0 | daycap   0 debtgate   0 | 1392s
reference_uncapped drag 0.00 immediate|all_bos|cap_on         | net    60.59 cc_dd   84.72 mtm_dd   89.42 | trades 296 wins 161 main    60.60 adds   0.00 | risk   1220 | h1   93.09 h2  -32.48 | setups   0 missed   0 | admitted   0 (-) | capoff   0 | daycap   0 debtgate   0 | 1392s
reference_uncapped drag 0.00 immediate|all_bos|cap_off        | net    60.59 cc_dd   84.72 mtm_dd   89.42 | trades 296 wins 161 main    60.60 adds   0.00 | risk   1220 | h1   93.09 h2  -32.48 | setups   0 missed   0 | admitted   0 (-) | capoff   0 | daycap   0 debtgate   0 | 1392s
reference_uncapped drag 0.00 delay_debt|current|cap_on        | net    53.75 cc_dd   45.97 mtm_dd   48.20 | trades 191 wins  60 main    53.75 adds   0.00 | risk    409 | h1   42.24 h2   11.48 | setups 262 missed  98 | admitted   0 (-) | capoff   0 | daycap   0 debtgate   0 | 1392s
reference_uncapped drag 0.00 delay_debt|current|cap_off       | net    53.75 cc_dd   45.97 mtm_dd   48.20 | trades 191 wins  60 main    53.75 adds   0.00 | risk    409 | h1   42.24 h2   11.48 | setups 262 missed  98 | admitted   0 (-) | capoff   0 | daycap   0 debtgate   0 | 1392s
reference_uncapped drag 0.00 delay_debt|all_bos|cap_on        | net    53.75 cc_dd   45.97 mtm_dd   48.20 | trades 191 wins  60 main    53.75 adds   0.00 | risk    409 | h1   42.24 h2   11.48 | setups 262 missed  98 | admitted   0 (-) | capoff   0 | daycap   0 debtgate   0 | 1392s
reference_uncapped drag 0.00 delay_debt|all_bos|cap_off       | net    53.75 cc_dd   45.97 mtm_dd   48.20 | trades 191 wins  60 main    53.75 adds   0.00 | risk    409 | h1   42.24 h2   11.48 | setups 262 missed  98 | admitted   0 (-) | capoff   0 | daycap   0 debtgate   0 | 1392s
reference_uncapped drag 0.00 delay_always|current|cap_on      | net    77.74 cc_dd   44.95 mtm_dd   48.20 | trades 182 wins  53 main    77.72 adds   0.00 | risk    356 | h1   59.55 h2   18.15 | setups 287 missed 105 | admitted   0 (-) | capoff   0 | daycap   0 debtgate   0 | 1392s
reference_uncapped drag 0.00 delay_always|current|cap_off     | net    77.74 cc_dd   44.95 mtm_dd   48.20 | trades 182 wins  53 main    77.72 adds   0.00 | risk    356 | h1   59.55 h2   18.15 | setups 287 missed 105 | admitted   0 (-) | capoff   0 | daycap   0 debtgate   0 | 1392s
reference_uncapped drag 0.00 delay_always|all_bos|cap_on      | net    77.74 cc_dd   44.95 mtm_dd   48.20 | trades 182 wins  53 main    77.72 adds   0.00 | risk    356 | h1   59.55 h2   18.15 | setups 287 missed 105 | admitted   0 (-) | capoff   0 | daycap   0 debtgate   0 | 1392s
reference_uncapped drag 0.00 delay_always|all_bos|cap_off     | net    77.74 cc_dd   44.95 mtm_dd   48.20 | trades 182 wins  53 main    77.72 adds   0.00 | risk    356 | h1   59.55 h2   18.15 | setups 287 missed 105 | admitted   0 (-) | capoff   0 | daycap   0 debtgate   0 | 1392s
reference_uncapped drag 0.00 half_main                        | net    12.05 cc_dd   45.64 mtm_dd   49.05 | trades 296 wins 161 main    12.04 adds   0.00 | risk    653 | h1   28.28 h2  -16.22 | setups   0 missed   0 | admitted   0 (-) | capoff   0 | daycap   0 debtgate   0 | 1392s
reference_uncapped drag 0.35 immediate|current|cap_on         | net   -43.01 cc_dd  113.52 mtm_dd  115.84 | trades 296 wins 161 main   -42.98 adds   0.00 | risk   1220 | h1   34.62 h2  -77.62 | setups   0 missed   0 | admitted   0 (-) | capoff   0 | daycap   0 debtgate   0 | 1078s
reference_uncapped drag 0.35 immediate|current|cap_off        | net   -43.01 cc_dd  113.52 mtm_dd  115.84 | trades 296 wins 161 main   -42.98 adds   0.00 | risk   1220 | h1   34.62 h2  -77.62 | setups   0 missed   0 | admitted   0 (-) | capoff   0 | daycap   0 debtgate   0 | 1078s
reference_uncapped drag 0.35 immediate|all_bos|cap_on         | net   -43.01 cc_dd  113.52 mtm_dd  115.84 | trades 296 wins 161 main   -42.98 adds   0.00 | risk   1220 | h1   34.62 h2  -77.62 | setups   0 missed   0 | admitted   0 (-) | capoff   0 | daycap   0 debtgate   0 | 1078s
reference_uncapped drag 0.35 immediate|all_bos|cap_off        | net   -43.01 cc_dd  113.52 mtm_dd  115.84 | trades 296 wins 161 main   -42.98 adds   0.00 | risk   1220 | h1   34.62 h2  -77.62 | setups   0 missed   0 | admitted   0 (-) | capoff   0 | daycap   0 debtgate   0 | 1078s
reference_uncapped drag 0.35 delay_debt|current|cap_on        | net     0.70 cc_dd   61.72 mtm_dd   63.47 | trades 188 wins  57 main     0.66 adds   0.00 | risk    382 | h1   12.62 h2  -11.95 | setups 275 missed 101 | admitted   0 (-) | capoff   0 | daycap   0 debtgate   0 | 1078s
reference_uncapped drag 0.35 delay_debt|current|cap_off       | net     0.70 cc_dd   61.72 mtm_dd   63.47 | trades 188 wins  57 main     0.66 adds   0.00 | risk    382 | h1   12.62 h2  -11.95 | setups 275 missed 101 | admitted   0 (-) | capoff   0 | daycap   0 debtgate   0 | 1078s
reference_uncapped drag 0.35 delay_debt|all_bos|cap_on        | net     0.70 cc_dd   61.72 mtm_dd   63.47 | trades 188 wins  57 main     0.66 adds   0.00 | risk    382 | h1   12.62 h2  -11.95 | setups 275 missed 101 | admitted   0 (-) | capoff   0 | daycap   0 debtgate   0 | 1078s
reference_uncapped drag 0.35 delay_debt|all_bos|cap_off       | net     0.70 cc_dd   61.72 mtm_dd   63.47 | trades 188 wins  57 main     0.66 adds   0.00 | risk    382 | h1   12.62 h2  -11.95 | setups 275 missed 101 | admitted   0 (-) | capoff   0 | daycap   0 debtgate   0 | 1078s
reference_uncapped drag 0.35 delay_always|current|cap_on      | net    14.04 cc_dd   60.70 mtm_dd   63.47 | trades 182 wins  53 main    13.98 adds   0.00 | risk    356 | h1   25.95 h2  -11.95 | setups 287 missed 105 | admitted   0 (-) | capoff   0 | daycap   0 debtgate   0 | 1078s
reference_uncapped drag 0.35 delay_always|current|cap_off     | net    14.04 cc_dd   60.70 mtm_dd   63.47 | trades 182 wins  53 main    13.98 adds   0.00 | risk    356 | h1   25.95 h2  -11.95 | setups 287 missed 105 | admitted   0 (-) | capoff   0 | daycap   0 debtgate   0 | 1078s
reference_uncapped drag 0.35 delay_always|all_bos|cap_on      | net    14.04 cc_dd   60.70 mtm_dd   63.47 | trades 182 wins  53 main    13.98 adds   0.00 | risk    356 | h1   25.95 h2  -11.95 | setups 287 missed 105 | admitted   0 (-) | capoff   0 | daycap   0 debtgate   0 | 1078s
reference_uncapped drag 0.35 delay_always|all_bos|cap_off     | net    14.04 cc_dd   60.70 mtm_dd   63.47 | trades 182 wins  53 main    13.98 adds   0.00 | risk    356 | h1   25.95 h2  -11.95 | setups 287 missed 105 | admitted   0 (-) | capoff   0 | daycap   0 debtgate   0 | 1078s
reference_uncapped drag 0.35 half_main                        | net   -21.71 cc_dd   57.59 mtm_dd   59.12 | trades 296 wins 161 main   -21.69 adds   0.00 | risk    638 | h1   17.07 h2  -38.76 | setups   0 missed   0 | admitted   0 (-) | capoff   0 | daycap   0 debtgate   0 | 1078s
DONE
