ticks in window 4869156 invalid 0
infinity: opportunities 857
infinity           drag 0.00 immediate|current|cap_on         | net    38.49 cc_dd   56.78 mtm_dd   58.30 | trades 202 wins 110 main    32.01 adds   6.41 | risk    561 | h1   36.60 h2    1.86 | setups   0 missed   0 | admitted   0 (-) | capoff   0 | daycap 140 debtgate  39 | 1590s
infinity           drag 0.00 immediate|current|cap_off        | net    67.42 cc_dd   56.78 mtm_dd   62.63 | trades 264 wins 146 main    31.89 adds  35.46 | risk    892 | h1   74.56 h2   -7.21 | setups   0 missed   0 | admitted   0 (-) | capoff  37 | daycap   0 debtgate  44 | 1590s
infinity           drag 0.00 immediate|all_bos|cap_on         | net    61.73 cc_dd   51.36 mtm_dd   52.36 | trades 213 wins 116 main    49.45 adds  12.22 | risk    638 | h1   42.37 h2   19.32 | setups   0 missed   0 | admitted  21 (10.17) | capoff   0 | daycap 161 debtgate   0 | 1590s
infinity           drag 0.00 immediate|all_bos|cap_off        | net    60.22 cc_dd   66.83 mtm_dd   69.79 | trades 304 wins 165 main    15.15 adds  45.04 | risk   1034 | h1   63.92 h2   -3.78 | setups   0 missed   0 | admitted  35 (-16.0) | capoff  32 | daycap   0 debtgate   0 | 1590s
infinity           drag 0.00 delay_debt|current|cap_on        | net    38.01 cc_dd   26.24 mtm_dd   27.27 | trades 143 wins  52 main    39.34 adds  -1.32 | risk    219 | h1   27.55 h2   10.44 | setups 174 missed  62 | admitted   0 (-) | capoff   0 | daycap 126 debtgate  42 | 1590s
infinity           drag 0.00 delay_debt|current|cap_off       | net    22.00 cc_dd   36.00 mtm_dd   36.40 | trades 171 wins  58 main    22.16 adds  -0.17 | risk    258 | h1   25.51 h2   -3.54 | setups 226 missed  84 | admitted   0 (-) | capoff  17 | daycap   0 debtgate  50 | 1590s
infinity           drag 0.00 delay_debt|all_bos|cap_on        | net   106.33 cc_dd   23.47 mtm_dd   25.15 | trades 135 wins  58 main    83.62 adds  22.72 | risk    242 | h1   36.81 h2   69.51 | setups 147 missed  53 | admitted  21 (16.73) | capoff   0 | daycap 187 debtgate   0 | 1590s
infinity           drag 0.00 delay_debt|all_bos|cap_off       | net    41.99 cc_dd   23.33 mtm_dd   25.19 | trades 192 wins  61 main    40.44 adds   1.54 | risk    278 | h1   23.08 h2   18.88 | setups 264 missed  97 | admitted  36 (11.09) | capoff  16 | daycap   0 debtgate   0 | 1590s
infinity           drag 0.00 delay_always|current|cap_on      | net    41.92 cc_dd   33.29 mtm_dd   33.37 | trades 144 wins  46 main    42.94 adds  -1.02 | risk    175 | h1   24.32 h2   17.58 | setups 227 missed  83 | admitted   0 (-) | capoff   0 | daycap  89 debtgate  36 | 1590s
infinity           drag 0.00 delay_always|current|cap_off     | net    42.06 cc_dd   33.29 mtm_dd   33.37 | trades 160 wins  48 main    43.49 adds  -1.45 | risk    243 | h1   39.04 h2    3.00 | setups 254 missed  94 | admitted   0 (-) | capoff  20 | daycap   0 debtgate  45 | 1590s
infinity           drag 0.00 delay_always|all_bos|cap_on      | net    92.27 cc_dd   19.95 mtm_dd   20.92 | trades 133 wins  47 main    75.59 adds  16.66 | risk    163 | h1   24.76 h2   67.49 | setups 209 missed  76 | admitted  17 (28.81) | capoff   0 | daycap 148 debtgate   0 | 1590s
infinity           drag 0.00 delay_always|all_bos|cap_off     | net    45.10 cc_dd   36.41 mtm_dd   40.73 | trades 182 wins  53 main    41.62 adds   3.44 | risk    293 | h1   42.67 h2    2.38 | setups 287 missed 105 | admitted  29 (6.77) | capoff  26 | daycap   0 debtgate   0 | 1590s
infinity           drag 0.00 half_main                        | net    17.71 cc_dd   31.90 mtm_dd   33.33 | trades 218 wins 117 main     6.93 adds  10.73 | risk    416 | h1   28.68 h2  -11.03 | setups   0 missed   0 | admitted   0 (-) | capoff   0 | daycap 106 debtgate  39 | 1590s
infinity           drag 0.35 immediate|current|cap_on         | net   -24.66 cc_dd   54.99 mtm_dd   56.12 | trades 239 wins 132 main   -19.09 adds  -5.54 | risk    487 | h1   19.53 h2  -44.16 | setups   0 missed   0 | admitted   0 (-) | capoff   0 | daycap  60 debtgate  50 | 1196s
infinity           drag 0.35 immediate|current|cap_off        | net     0.68 cc_dd   54.99 mtm_dd   56.12 | trades 260 wins 146 main   -10.57 adds  11.30 | risk    591 | h1   23.68 h2  -22.97 | setups   0 missed   0 | admitted   0 (-) | capoff  17 | daycap   0 debtgate  50 | 1196s
infinity           drag 0.35 immediate|all_bos|cap_on         | net   -15.56 cc_dd   48.24 mtm_dd   51.50 | trades 264 wins 142 main   -22.91 adds   7.40 | risk    529 | h1   20.33 h2  -35.88 | setups   0 missed   0 | admitted  35 (-18.93) | capoff   0 | daycap  79 debtgate   0 | 1196s
infinity           drag 0.35 immediate|all_bos|cap_off        | net   -12.03 cc_dd   64.76 mtm_dd   68.73 | trades 296 wins 161 main   -28.67 adds  16.65 | risk    689 | h1   20.41 h2  -32.46 | setups   0 missed   0 | admitted  36 (-18.16) | capoff  18 | daycap   0 debtgate   0 | 1196s
infinity           drag 0.35 delay_debt|current|cap_on        | net    -6.54 cc_dd   34.41 mtm_dd   35.46 | trades 165 wins  54 main     5.47 adds -12.03 | risk    172 | h1    5.57 h2  -12.09 | setups 229 missed  81 | admitted   0 (-) | capoff   0 | daycap  40 debtgate  39 | 1196s
infinity           drag 0.35 delay_debt|current|cap_off       | net    -3.26 cc_dd   29.64 mtm_dd   30.83 | trades 165 wins  53 main     5.16 adds  -8.43 | risk    161 | h1   11.95 h2  -15.19 | setups 238 missed  89 | admitted   0 (-) | capoff   7 | daycap   0 debtgate  51 | 1196s
infinity           drag 0.35 delay_debt|all_bos|cap_on        | net     4.61 cc_dd   27.52 mtm_dd   29.08 | trades 181 wins  61 main     8.21 adds  -3.65 | risk    189 | h1    6.64 h2   -2.06 | setups 237 missed  82 | admitted  25 (-0.84) | capoff   0 | daycap  68 debtgate   0 | 1196s
infinity           drag 0.35 delay_debt|all_bos|cap_off       | net    -6.42 cc_dd   27.52 mtm_dd   29.08 | trades 189 wins  58 main    -0.70 adds  -5.73 | risk    194 | h1    8.75 h2  -15.17 | setups 272 missed 100 | admitted  38 (-8.23) | capoff   7 | daycap   0 debtgate   0 | 1196s
infinity           drag 0.35 delay_always|current|cap_on      | net     1.98 cc_dd   32.59 mtm_dd   34.78 | trades 155 wins  49 main    10.20 adds  -8.24 | risk    151 | h1   10.15 h2   -8.19 | setups 240 missed  85 | admitted   0 (-) | capoff   0 | daycap  58 debtgate  38 | 1196s
infinity           drag 0.35 delay_always|current|cap_off     | net    -1.64 cc_dd   41.07 mtm_dd   42.39 | trades 159 wins  48 main     5.39 adds  -7.06 | risk    170 | h1   17.79 h2  -19.45 | setups 253 missed  94 | admitted   0 (-) | capoff  10 | daycap   0 debtgate  50 | 1196s
infinity           drag 0.35 delay_always|all_bos|cap_on      | net    32.23 cc_dd   27.01 mtm_dd   28.95 | trades 162 wins  51 main    31.83 adds   0.36 | risk    174 | h1   12.49 h2   19.70 | setups 251 missed  89 | admitted  23 (13.68) | capoff   0 | daycap  68 debtgate   0 | 1196s
infinity           drag 0.35 delay_always|all_bos|cap_off     | net     2.57 cc_dd   27.01 mtm_dd   28.72 | trades 182 wins  53 main     6.96 adds  -4.43 | risk    178 | h1   16.38 h2  -13.84 | setups 287 missed 105 | admitted  37 (-6.76) | capoff   8 | daycap   0 debtgate   0 | 1196s
infinity           drag 0.35 half_main                        | net   -10.89 cc_dd   41.22 mtm_dd   42.35 | trades 239 wins 132 main    -6.40 adds  -4.46 | risk    465 | h1   19.53 h2  -30.39 | setups   0 missed   0 | admitted   0 (-) | capoff   0 | daycap  60 debtgate  50 | 1196s
DONE
