follower ticks (std feed) 4869156
reference (demo_feed) drag 0.00: 296 closed outcomes net 66.31
infinity           drag 0.00 no_pause       | net    67.42 cc_dd   56.78 mtm_dd   62.63 | trades 264 wins 146 main    31.89 adds  35.46 risk    892 | h1   74.56 h2   -7.21 | eligible 265 paused   0 invalid   0 thinned   0 | 1403s
infinity           drag 0.00 global_pause   | net    46.56 cc_dd   54.86 mtm_dd   55.63 | trades 192 wins 105 main    28.81 adds  17.70 risk    588 | h1   74.56 h2  -28.07 | eligible 292 paused  99 invalid   0 thinned   0 | 1403s
infinity           drag 0.00 dir_pause      | net    54.04 cc_dd   56.78 mtm_dd   62.90 | trades 244 wins 136 main    37.41 adds  16.60 risk    802 | h1   74.56 h2  -20.59 | eligible 275 paused  30 invalid   0 thinned   0 | 1403s
infinity           drag 0.00 thin_global_k3_p0 | net    -9.27 cc_dd   44.93 mtm_dd   45.90 | trades 193 wins 101 main    -8.66 adds  -0.65 risk    405 | h1   21.61 h2  -30.89 | eligible 289 paused   0 invalid   0 thinned  96 | 1403s
infinity           drag 0.00 thin_global_k3_p1 | net    -9.57 cc_dd   44.93 mtm_dd   45.90 | trades 191 wins 102 main    -8.07 adds  -1.55 risk    406 | h1   21.29 h2  -30.89 | eligible 287 paused   0 invalid   0 thinned  96 | 1403s
infinity           drag 0.00 thin_global_k3_p2 | net    -9.60 cc_dd   44.93 mtm_dd   45.90 | trades 192 wins 100 main    -9.43 adds  -0.20 risk    404 | h1   21.28 h2  -30.89 | eligible 288 paused   0 invalid   0 thinned  96 | 1403s
infinity           drag 0.00 thin_dir_k9_p0 | net    13.70 cc_dd   58.79 mtm_dd   60.52 | trades 257 wins 136 main   -14.24 adds  27.89 risk    735 | h1   53.05 h2  -39.38 | eligible 290 paused   0 invalid   0 thinned  32 | 1403s
infinity           drag 0.00 thin_dir_k9_p1 | net    47.41 cc_dd   54.71 mtm_dd   59.54 | trades 244 wins 135 main    40.74 adds   6.61 risk    812 | h1   58.32 h2  -10.98 | eligible 277 paused   0 invalid   0 thinned  31 | 1403s
infinity           drag 0.00 thin_dir_k9_p2 | net    41.87 cc_dd   60.64 mtm_dd   64.00 | trades 246 wins 133 main    11.68 adds  30.14 risk    810 | h1   67.07 h2  -25.27 | eligible 278 paused   0 invalid   0 thinned  31 | 1403s
infinity           drag 0.00 thin_dir_k9_p3 | net    42.65 cc_dd   60.64 mtm_dd   64.00 | trades 247 wins 134 main    12.45 adds  30.14 risk    811 | h1   67.84 h2  -25.27 | eligible 279 paused   0 invalid   0 thinned  31 | 1403s
infinity           drag 0.00 thin_dir_k9_p4 | net    34.03 cc_dd   58.79 mtm_dd   60.52 | trades 256 wins 138 main     0.79 adds  33.22 risk    785 | h1   59.84 h2  -25.83 | eligible 289 paused   0 invalid   0 thinned  32 | 1403s
infinity           drag 0.00 thin_dir_k9_p5 | net    15.38 cc_dd   58.79 mtm_dd   60.52 | trades 253 wins 136 main   -12.80 adds  28.13 risk    734 | h1   54.72 h2  -39.38 | eligible 286 paused   0 invalid   0 thinned  32 | 1403s
infinity           drag 0.00 thin_dir_k9_p6 | net    30.45 cc_dd   53.05 mtm_dd   54.85 | trades 244 wins 134 main    17.15 adds  13.31 risk    660 | h1   33.24 h2   -2.77 | eligible 276 paused   0 invalid   0 thinned  31 | 1403s
infinity           drag 0.00 thin_dir_k9_p7 | net    -4.83 cc_dd   49.23 mtm_dd   50.07 | trades 257 wins 137 main   -22.84 adds  18.00 risk    531 | h1   15.38 h2  -20.17 | eligible 289 paused   0 invalid   0 thinned  32 | 1403s
infinity           drag 0.00 thin_dir_k9_p8 | net    15.29 cc_dd   58.79 mtm_dd   60.52 | trades 256 wins 136 main   -12.60 adds  27.84 risk    735 | h1   54.64 h2  -39.38 | eligible 289 paused   0 invalid   0 thinned  32 | 1403s
u224016179         drag 0.00 no_pause       | net    64.02 cc_dd   62.19 mtm_dd   66.57 | trades 273 wins 149 main    30.24 adds  33.74 risk   1161 | h1   55.99 h2    8.05 | eligible 276 paused   0 invalid   0 thinned   0 | 1268s
u224016179         drag 0.00 global_pause   | net    32.66 cc_dd   57.93 mtm_dd   59.50 | trades 196 wins 106 main    18.19 adds  14.44 risk    768 | h1   55.99 h2  -23.34 | eligible 297 paused  99 invalid   0 thinned   0 | 1268s
u224016179         drag 0.00 dir_pause      | net    49.80 cc_dd   61.09 mtm_dd   63.83 | trades 251 wins 138 main    39.29 adds  10.49 risk   1032 | h1   55.99 h2   -6.19 | eligible 286 paused  32 invalid   0 thinned   0 | 1268s
u224016179         drag 0.00 thin_global_k3_p0 | net    -9.02 cc_dd   50.63 mtm_dd   52.72 | trades 204 wins 109 main    -7.50 adds  -1.54 risk    678 | h1   18.36 h2  -27.37 | eligible 310 paused   0 invalid   0 thinned 103 | 1268s
u224016179         drag 0.00 thin_global_k3_p1 | net   -19.29 cc_dd   48.04 mtm_dd   49.61 | trades 201 wins 106 main   -22.04 adds   2.75 risk    673 | h1    5.51 h2  -24.78 | eligible 305 paused   0 invalid   0 thinned 102 | 1268s
u224016179         drag 0.00 thin_global_k3_p2 | net    -9.75 cc_dd   50.63 mtm_dd   52.72 | trades 203 wins 108 main    -9.05 adds  -0.72 risk    676 | h1   17.62 h2  -27.37 | eligible 309 paused   0 invalid   0 thinned 103 | 1268s
u224016179         drag 0.00 thin_dir_k9_p0 | net    15.32 cc_dd   77.22 mtm_dd   82.83 | trades 263 wins 141 main    -9.17 adds  24.43 risk    939 | h1   27.43 h2  -12.10 | eligible 297 paused   0 invalid   0 thinned  33 | 1268s
u224016179         drag 0.00 thin_dir_k9_p1 | net    71.00 cc_dd   78.94 mtm_dd   83.81 | trades 244 wins 135 main    41.32 adds  29.63 risk   1101 | h1   64.85 h2    6.11 | eligible 278 paused   0 invalid   0 thinned  31 | 1268s
u224016179         drag 0.00 thin_dir_k9_p2 | net    44.05 cc_dd   67.60 mtm_dd   71.07 | trades 254 wins 137 main    21.80 adds  22.19 risk   1054 | h1   63.08 h2  -19.04 | eligible 288 paused   0 invalid   0 thinned  32 | 1268s
u224016179         drag 0.00 thin_dir_k9_p3 | net    34.37 cc_dd   67.60 mtm_dd   71.07 | trades 255 wins 138 main    12.13 adds  22.19 risk   1046 | h1   64.63 h2  -30.26 | eligible 289 paused   0 invalid   0 thinned  32 | 1268s
u224016179         drag 0.00 thin_dir_k9_p4 | net    47.33 cc_dd   76.05 mtm_dd   80.92 | trades 256 wins 141 main    14.34 adds  32.95 risk   1045 | h1   46.04 h2    1.27 | eligible 290 paused   0 invalid   0 thinned  32 | 1268s
u224016179         drag 0.00 thin_dir_k9_p5 | net    51.31 cc_dd   76.05 mtm_dd   80.92 | trades 257 wins 142 main    19.72 adds  31.56 risk   1056 | h1   49.21 h2    2.09 | eligible 291 paused   0 invalid   0 thinned  32 | 1268s
u224016179         drag 0.00 thin_dir_k9_p6 | net    85.65 cc_dd   93.19 mtm_dd   98.78 | trades 251 wins 138 main    40.36 adds  45.25 risk   1119 | h1   77.56 h2    8.09 | eligible 283 paused   0 invalid   0 thinned  31 | 1268s
u224016179         drag 0.00 thin_dir_k9_p7 | net     2.27 cc_dd   54.58 mtm_dd   59.41 | trades 259 wins 137 main    -4.47 adds   6.75 risk    889 | h1   19.54 h2  -17.23 | eligible 293 paused   0 invalid   0 thinned  32 | 1268s
u224016179         drag 0.00 thin_dir_k9_p8 | net    10.35 cc_dd   79.57 mtm_dd   85.17 | trades 262 wins 141 main   -12.91 adds  23.22 risk    985 | h1   31.34 h2  -21.02 | eligible 296 paused   0 invalid   0 thinned  33 | 1268s
bos                drag 0.00 no_pause       | net   112.52 cc_dd  127.33 mtm_dd  130.78 | trades 270 wins 148 main    44.66 adds  67.87 risk   2057 | h1  119.95 h2   -7.45 | eligible 272 paused   0 invalid   0 thinned   0 | 1247s
bos                drag 0.00 global_pause   | net    56.98 cc_dd  116.65 mtm_dd  118.57 | trades 198 wins 107 main    37.24 adds  19.73 risk   1394 | h1  119.95 h2  -62.98 | eligible 299 paused  99 invalid   0 thinned   0 | 1247s
bos                drag 0.00 dir_pause      | net    82.66 cc_dd  117.37 mtm_dd  125.25 | trades 250 wins 138 main    52.39 adds  30.29 risk   1823 | h1  119.95 h2  -37.30 | eligible 282 paused  30 invalid   0 thinned   0 | 1247s
bos                drag 0.00 thin_global_k3_p0 | net   -38.49 cc_dd   98.55 mtm_dd  105.08 | trades 199 wins 101 main   -55.49 adds  16.94 risk   1158 | h1   30.71 h2  -69.24 | eligible 298 paused   0 invalid   0 thinned  99 | 1247s
bos                drag 0.00 thin_global_k3_p1 | net   -14.26 cc_dd  112.96 mtm_dd  123.47 | trades 192 wins 101 main   -34.93 adds  20.65 risk   1220 | h1   60.74 h2  -75.01 | eligible 290 paused   0 invalid   0 thinned  97 | 1247s
bos                drag 0.00 thin_global_k3_p2 | net    70.00 cc_dd  109.19 mtm_dd  112.77 | trades 190 wins 101 main    59.23 adds  10.72 risk   1342 | h1  109.00 h2  -38.98 | eligible 288 paused   0 invalid   0 thinned  96 | 1247s
bos                drag 0.00 thin_dir_k9_p0 | net    54.32 cc_dd   93.64 mtm_dd   97.26 | trades 256 wins 139 main    30.19 adds  24.11 risk   1601 | h1   56.91 h2   -2.57 | eligible 288 paused   0 invalid   0 thinned  32 | 1247s
bos                drag 0.00 thin_dir_k9_p1 | net    78.28 cc_dd  115.94 mtm_dd  126.51 | trades 245 wins 133 main    26.49 adds  51.74 risk   1776 | h1  127.94 h2  -49.68 | eligible 277 paused   0 invalid   0 thinned  31 | 1247s
bos                drag 0.00 thin_dir_k9_p2 | net   129.71 cc_dd  127.04 mtm_dd  137.12 | trades 247 wins 134 main    78.80 adds  50.86 risk   1954 | h1  180.65 h2  -50.96 | eligible 278 paused   0 invalid   0 thinned  31 | 1247s
bos                drag 0.00 thin_dir_k9_p3 | net   133.49 cc_dd  127.04 mtm_dd  137.12 | trades 248 wins 135 main    81.12 adds  52.31 risk   1957 | h1  184.43 h2  -50.96 | eligible 279 paused   0 invalid   0 thinned  31 | 1247s
bos                drag 0.00 thin_dir_k9_p4 | net    46.78 cc_dd   93.64 mtm_dd   97.26 | trades 250 wins 137 main    13.95 adds  32.85 risk   1547 | h1   44.36 h2    2.45 | eligible 283 paused   0 invalid   0 thinned  32 | 1247s
bos                drag 0.00 thin_dir_k9_p5 | net    46.15 cc_dd   93.64 mtm_dd   97.26 | trades 251 wins 138 main    14.71 adds  31.46 risk   1542 | h1   43.72 h2    2.45 | eligible 284 paused   0 invalid   0 thinned  32 | 1247s
bos                drag 0.00 thin_dir_k9_p6 | net    49.60 cc_dd   93.64 mtm_dd   97.26 | trades 244 wins 133 main    12.93 adds  36.68 risk   1554 | h1   54.50 h2   -4.91 | eligible 276 paused   0 invalid   0 thinned  31 | 1247s
bos                drag 0.00 thin_dir_k9_p7 | net    47.28 cc_dd   93.64 mtm_dd   97.26 | trades 254 wins 138 main    24.96 adds  22.32 risk   1576 | h1   46.32 h2    0.98 | eligible 286 paused   0 invalid   0 thinned  32 | 1247s
bos                drag 0.00 thin_dir_k9_p8 | net    43.69 cc_dd   99.33 mtm_dd  107.92 | trades 260 wins 138 main    17.83 adds  25.83 risk   1641 | h1   65.20 h2  -21.51 | eligible 293 paused   0 invalid   0 thinned  32 | 1247s
reference (demo_feed) drag 0.35: 296 closed outcomes net -37.32
infinity           drag 0.35 no_pause       | net     0.68 cc_dd   54.99 mtm_dd   56.12 | trades 260 wins 146 main   -10.57 adds  11.30 risk    591 | h1   23.68 h2  -22.97 | eligible 260 paused   0 invalid   0 thinned   0 | 859s
infinity           drag 0.35 global_pause   | net   -28.07 cc_dd   53.89 mtm_dd   54.45 | trades 168 wins  89 main   -26.81 adds  -1.23 risk    310 | h1   -1.95 h2  -26.11 | eligible 292 paused 124 invalid   0 thinned   0 | 859s
infinity           drag 0.35 dir_pause      | net     3.73 cc_dd   37.67 mtm_dd   38.04 | trades 212 wins 122 main     1.70 adds   2.06 risk    462 | h1   23.68 h2  -19.92 | eligible 283 paused  71 invalid   0 thinned   0 | 859s
infinity           drag 0.35 thin_global_k2_p0 | net     3.19 cc_dd   26.57 mtm_dd   28.61 | trades 144 wins  86 main    11.42 adds  -8.27 risk    252 | h1   20.10 h2  -16.98 | eligible 288 paused   0 invalid   0 thinned 144 | 859s
infinity           drag 0.35 thin_global_k2_p1 | net    -1.79 cc_dd   46.85 mtm_dd   48.66 | trades 153 wins  93 main     0.88 adds  -2.69 risk    336 | h1   29.30 h2  -31.12 | eligible 307 paused   0 invalid   0 thinned 154 | 859s
infinity           drag 0.35 thin_dir_k4_p0 | net     4.97 cc_dd   82.91 mtm_dd   83.29 | trades 208 wins 120 main     5.99 adds  -1.11 risk    690 | h1   74.07 h2  -69.19 | eligible 280 paused   0 invalid   0 thinned  70 | 859s
infinity           drag 0.35 thin_dir_k4_p1 | net   -19.75 cc_dd   91.78 mtm_dd   92.20 | trades 205 wins 117 main    -9.96 adds  -9.86 risk    577 | h1   58.25 h2  -78.06 | eligible 277 paused   0 invalid   0 thinned  70 | 859s
infinity           drag 0.35 thin_dir_k4_p2 | net   -19.76 cc_dd   86.59 mtm_dd   87.02 | trades 198 wins 110 main    -0.69 adds -19.09 risk    529 | h1   53.09 h2  -72.87 | eligible 266 paused   0 invalid   0 thinned  67 | 859s
infinity           drag 0.35 thin_dir_k4_p3 | net   -10.37 cc_dd   95.46 mtm_dd   95.87 | trades 207 wins 119 main    -5.06 adds  -5.38 risk    629 | h1   71.30 h2  -81.74 | eligible 279 paused   0 invalid   0 thinned  70 | 859s
u224016179         drag 0.35 no_pause       | net   -33.48 cc_dd   64.70 mtm_dd   66.20 | trades 268 wins 149 main   -39.53 adds   6.01 risk    911 | h1   -1.32 h2  -32.12 | eligible 271 paused   0 invalid   0 thinned   0 | 1109s
u224016179         drag 0.35 global_pause   | net   -60.20 cc_dd   74.40 mtm_dd   75.50 | trades 153 wins  82 main   -51.33 adds  -8.88 risk    503 | h1  -34.42 h2  -25.76 | eligible 182 paused  28 invalid   0 thinned   0 | 1109s
u224016179         drag 0.35 dir_pause      | net    -6.10 cc_dd   44.17 mtm_dd   48.19 | trades 216 wins 124 main    -8.88 adds   2.76 risk    723 | h1   -1.32 h2   -4.74 | eligible 289 paused  71 invalid   0 thinned   0 | 1109s
u224016179         drag 0.35 thin_global_k6_p0 | net   -60.38 cc_dd   66.85 mtm_dd   69.29 | trades 144 wins  79 main   -41.79 adds -18.58 risk    458 | h1  -39.80 h2  -20.56 | eligible 175 paused   0 invalid   0 thinned  29 | 1109s
u224016179         drag 0.35 thin_global_k6_p1 | net   -61.06 cc_dd   66.84 mtm_dd   69.29 | trades 144 wins  79 main   -42.32 adds -18.73 risk    459 | h1  -40.47 h2  -20.56 | eligible 176 paused   0 invalid   0 thinned  30 | 1109s
u224016179         drag 0.35 thin_global_k6_p2 | net   -60.04 cc_dd   67.43 mtm_dd   68.28 | trades 152 wins  81 main   -41.88 adds -18.17 risk    478 | h1  -36.98 h2  -23.05 | eligible 185 paused   0 invalid   0 thinned  31 | 1109s
u224016179         drag 0.35 thin_global_k6_p3 | net   -61.08 cc_dd   63.50 mtm_dd   65.93 | trades 148 wins  79 main   -45.65 adds -15.45 risk    475 | h1  -38.03 h2  -23.05 | eligible 180 paused   0 invalid   0 thinned  30 | 1109s
u224016179         drag 0.35 thin_global_k6_p4 | net   -60.26 cc_dd   65.66 mtm_dd   67.40 | trades 154 wins  82 main   -46.22 adds -14.03 risk    490 | h1  -34.35 h2  -25.89 | eligible 188 paused   0 invalid   0 thinned  31 | 1109s
u224016179         drag 0.35 thin_global_k6_p5 | net   -60.33 cc_dd   67.28 mtm_dd   69.72 | trades 143 wins  78 main   -44.35 adds -15.97 risk    455 | h1  -39.75 h2  -20.56 | eligible 174 paused   0 invalid   0 thinned  29 | 1109s
u224016179         drag 0.35 thin_dir_k4_p0 | net   -40.94 cc_dd   82.79 mtm_dd   83.24 | trades 210 wins 115 main   -36.14 adds  -4.85 risk    695 | h1   26.27 h2  -67.24 | eligible 284 paused   0 invalid   0 thinned  71 | 1109s
u224016179         drag 0.35 thin_dir_k4_p1 | net   -40.31 cc_dd   82.78 mtm_dd   83.24 | trades 210 wins 116 main   -36.20 adds  -4.16 risk    703 | h1   26.92 h2  -67.23 | eligible 285 paused   0 invalid   0 thinned  72 | 1109s
u224016179         drag 0.35 thin_dir_k4_p2 | net   -15.95 cc_dd   91.55 mtm_dd   92.18 | trades 208 wins 116 main   -11.35 adds  -4.65 risk    811 | h1   54.06 h2  -70.04 | eligible 282 paused   0 invalid   0 thinned  71 | 1109s
u224016179         drag 0.35 thin_dir_k4_p3 | net   -38.45 cc_dd   85.31 mtm_dd   85.75 | trades 206 wins 114 main   -34.14 adds  -4.37 risk    723 | h1   28.76 h2  -67.24 | eligible 279 paused   0 invalid   0 thinned  70 | 1109s
bos                drag 0.35 no_pause       | net     7.13 cc_dd  129.72 mtm_dd  139.19 | trades 259 wins 145 main   -44.84 adds  51.95 risk   1732 | h1   58.22 h2  -51.13 | eligible 260 paused   0 invalid   0 thinned   0 | 915s
bos                drag 0.35 global_pause   | net   -61.67 cc_dd  150.84 mtm_dd  153.04 | trades 164 wins  89 main   -71.20 adds   9.54 risk    987 | h1  -10.12 h2  -51.55 | eligible 270 paused 106 invalid   0 thinned   0 | 915s
bos                drag 0.35 dir_pause      | net    41.24 cc_dd   82.26 mtm_dd   88.95 | trades 212 wins 122 main    29.66 adds  11.58 risk   1441 | h1   58.22 h2  -16.99 | eligible 284 paused  71 invalid   0 thinned   0 | 915s
bos                drag 0.35 thin_global_k3_p0 | net   -64.23 cc_dd   76.17 mtm_dd   81.59 | trades 133 wins  72 main   -57.08 adds  -7.14 risk    719 | h1  -32.46 h2  -31.74 | eligible 200 paused   0 invalid   0 thinned  66 | 915s
bos                drag 0.35 thin_global_k3_p1 | net   -64.63 cc_dd   76.17 mtm_dd   81.59 | trades 133 wins  72 main   -57.87 adds  -6.75 risk    720 | h1  -32.87 h2  -31.74 | eligible 201 paused   0 invalid   0 thinned  67 | 915s
bos                drag 0.35 thin_global_k3_p2 | net   -61.52 cc_dd  163.06 mtm_dd  170.21 | trades 180 wins  94 main   -72.10 adds  10.51 risk   1144 | h1   44.70 h2 -106.28 | eligible 271 paused   0 invalid   0 thinned  90 | 915s
bos                drag 0.35 thin_dir_k4_p0 | net    12.22 cc_dd  141.30 mtm_dd  142.15 | trades 205 wins 115 main    10.77 adds   1.45 risk   1423 | h1  124.21 h2 -112.01 | eligible 276 paused   0 invalid   0 thinned  69 | 915s
bos                drag 0.35 thin_dir_k4_p1 | net    -7.76 cc_dd  148.50 mtm_dd  149.33 | trades 208 wins 119 main    13.44 adds -21.23 risk   1371 | h1  111.41 h2 -119.21 | eligible 281 paused   0 invalid   0 thinned  71 | 915s
bos                drag 0.35 thin_dir_k4_p2 | net    12.72 cc_dd  141.30 mtm_dd  142.15 | trades 203 wins 114 main    15.00 adds  -2.28 risk   1417 | h1  124.72 h2 -112.01 | eligible 274 paused   0 invalid   0 thinned  69 | 915s
bos                drag 0.35 thin_dir_k4_p3 | net    16.74 cc_dd  149.98 mtm_dd  151.04 | trades 204 wins 116 main     9.59 adds   7.20 risk   1492 | h1  131.48 h2 -114.74 | eligible 275 paused   0 invalid   0 thinned  69 | 915s
DONE
