ticks in window 4869156
pb states at 857 opportunities: with a trend 814, with a pending CHoCH 368
infinity           drag 0.00 baseline        | net    38.49 cc_dd   56.78 mtm_dd   58.30 | trades 202 wins 110 main    32.01 adds   6.41 risk    561 | h1   36.60 h2    1.86 | pb refused   0 choch-allowed   0 no-state 0 | 256s
infinity           drag 0.00 pb_gate_choch   | net    32.37 cc_dd   36.01 mtm_dd   39.24 | trades 153 wins  86 main    21.55 adds  10.78 risk    294 | h1   17.27 h2   15.06 | pb refused  95 choch-allowed  44 no-state 0 | 256s
infinity           drag 0.00 pb_gate_strict  | net    23.39 cc_dd   24.32 mtm_dd   26.63 | trades 110 wins  65 main    17.15 adds   6.23 risk    219 | h1   18.05 h2    5.33 | pb refused 170 choch-allowed   0 no-state 0 | 256s
infinity           drag 0.35 baseline        | net   -24.66 cc_dd   54.99 mtm_dd   56.12 | trades 239 wins 132 main   -19.09 adds  -5.54 risk    487 | h1   19.53 h2  -44.16 | pb refused   0 choch-allowed   0 no-state 0 | 269s
infinity           drag 0.35 pb_gate_choch   | net    -7.85 cc_dd   47.23 mtm_dd   49.68 | trades 170 wins  95 main    -7.23 adds  -0.58 risk    321 | h1    4.87 h2  -12.68 | pb refused 106 choch-allowed  49 no-state 0 | 269s
infinity           drag 0.35 pb_gate_strict  | net     2.63 cc_dd   33.61 mtm_dd   36.52 | trades 120 wins  70 main     1.42 adds   1.22 risk    233 | h1    8.16 h2   -5.53 | pb refused 185 choch-allowed   0 no-state 0 | 269s
u224016179         drag 0.00 baseline        | net    62.24 cc_dd   61.10 mtm_dd   63.83 | trades 206 wins 112 main    54.47 adds   7.78 risk    840 | h1   48.33 h2   13.90 | pb refused   0 choch-allowed   0 no-state 0 | 261s
u224016179         drag 0.00 pb_gate_choch   | net    42.96 cc_dd   52.31 mtm_dd   59.14 | trades 149 wins  82 main    27.92 adds  15.01 risk    531 | h1   17.67 h2   25.30 | pb refused  93 choch-allowed  42 no-state 0 | 261s
u224016179         drag 0.00 pb_gate_strict  | net    40.07 cc_dd   39.45 mtm_dd   46.27 | trades 111 wins  64 main    26.97 adds  13.05 risk    407 | h1   22.21 h2   17.81 | pb refused 170 choch-allowed   0 no-state 0 | 261s
u224016179         drag 0.35 baseline        | net   -44.82 cc_dd   64.69 mtm_dd   66.30 | trades 268 wins 147 main   -53.92 adds   9.09 risk    892 | h1  -18.65 h2  -26.13 | pb refused   0 choch-allowed   0 no-state 0 | 247s
u224016179         drag 0.35 pb_gate_choch   | net   -21.52 cc_dd   65.97 mtm_dd   70.63 | trades 168 wins  94 main   -20.10 adds  -1.45 risk    553 | h1  -12.27 h2   -9.28 | pb refused 107 choch-allowed  46 no-state 0 | 247s
u224016179         drag 0.35 pb_gate_strict  | net     3.69 cc_dd   44.90 mtm_dd   51.27 | trades 123 wins  72 main     6.54 adds  -2.93 risk    414 | h1    4.80 h2   -1.17 | pb refused 184 choch-allowed   0 no-state 0 | 247s
bos                drag 0.00 baseline        | net    68.60 cc_dd  117.37 mtm_dd  120.82 | trades 181 wins  96 main    52.10 adds  16.45 risk   1268 | h1   68.26 h2    0.30 | pb refused   0 choch-allowed   0 no-state 0 | 242s
bos                drag 0.00 pb_gate_choch   | net    71.22 cc_dd   94.19 mtm_dd  104.26 | trades 145 wins  79 main    27.82 adds  43.39 risk    884 | h1   32.31 h2   38.93 | pb refused 100 choch-allowed  41 no-state 0 | 242s
bos                drag 0.00 pb_gate_strict  | net    84.57 cc_dd   56.38 mtm_dd   66.46 | trades 107 wins  62 main    70.25 adds  14.38 risk    687 | h1   52.74 h2   31.89 | pb refused 174 choch-allowed   0 no-state 0 | 242s
bos                drag 0.35 baseline        | net   -72.13 cc_dd  117.02 mtm_dd  118.26 | trades 162 wins  89 main   -80.99 adds   8.86 risk    902 | h1   13.91 h2  -86.02 | pb refused   0 choch-allowed   0 no-state 0 | 237s
bos                drag 0.35 pb_gate_choch   | net   -68.26 cc_dd   99.52 mtm_dd  100.07 | trades 127 wins  66 main   -66.07 adds  -2.19 risk    691 | h1    3.90 h2  -72.13 | pb refused  63 choch-allowed  38 no-state 0 | 237s
bos                drag 0.35 pb_gate_strict  | net    10.42 cc_dd   84.74 mtm_dd   94.34 | trades 119 wins  69 main    -9.06 adds  19.47 risk    703 | h1   12.08 h2   -1.68 | pb refused 183 choch-allowed   0 no-state 0 | 237s
reference_uncapped drag 0.00 baseline        | net    60.59 cc_dd   84.72 mtm_dd   89.42 | trades 296 wins 161 main    60.60 adds   0.00 risk   1220 | h1   93.09 h2  -32.48 | pb refused   0 choch-allowed   0 no-state 0 | 247s
reference_uncapped drag 0.00 pb_gate_choch   | net     9.02 cc_dd  101.93 mtm_dd  107.46 | trades 197 wins 106 main     8.99 adds   0.00 risk    818 | h1   35.14 h2  -26.16 | pb refused 160 choch-allowed  57 no-state 0 | 247s
reference_uncapped drag 0.00 pb_gate_strict  | net    29.56 cc_dd   61.59 mtm_dd   69.40 | trades 146 wins  83 main    29.48 adds   0.00 risk    595 | h1   35.98 h2   -6.50 | pb refused 256 choch-allowed   0 no-state 0 | 247s
reference_uncapped drag 0.35 baseline        | net   -43.01 cc_dd  113.52 mtm_dd  115.84 | trades 296 wins 161 main   -42.98 adds   0.00 risk   1220 | h1   34.62 h2  -77.62 | pb refused   0 choch-allowed   0 no-state 0 | 250s
reference_uncapped drag 0.35 pb_gate_choch   | net   -59.93 cc_dd  130.42 mtm_dd  135.09 | trades 197 wins 106 main   -59.94 adds   0.00 risk    818 | h1   -6.51 h2  -53.45 | pb refused 160 choch-allowed  57 no-state 0 | 250s
reference_uncapped drag 0.35 pb_gate_strict  | net   -21.54 cc_dd   81.89 mtm_dd   87.16 | trades 146 wins  83 main   -21.62 adds   0.00 risk    595 | h1    5.53 h2  -27.16 | pb refused 256 choch-allowed   0 no-state 0 | 250s
DONE
