== bos|0.00 (duplicates: {'no_debt_gate': False, 'no_cap': False})
   Q1 always vs recovery delay | current cap_on               net  126.41 vs   84.07 diff   42.34 CI90 [-14.64, 112.72] | DD  53.94 vs  40.41 ratio 1.335 CI90 [0.76, 1.443] (b3 [0.73, 1.376] b10 [0.816, 1.438])
   Q1 always vs recovery delay | current cap_off              net  135.74 vs  109.61 diff   26.13 CI90 [-6.07, 58.44] | DD  65.25 vs  72.70 ratio 0.898 CI90 [0.806, 1.093] (b3 [0.813, 1.139] b10 [0.814, 1.0])
   Q1 always vs recovery delay | all_bos cap_on               net  236.38 vs  150.23 diff   86.15 CI90 [21.22, 150.12] | DD  41.85 vs  62.55 ratio 0.669 CI90 [0.34, 1.073] (b3 [0.386, 1.073] b10 [0.34, 1.062])
   Q1 always vs recovery delay | all_bos cap_off              net  161.04 vs  113.41 diff   47.63 CI90 [0.91, 89.94] | DD  81.84 vs  77.34 ratio 1.058 CI90 [0.824, 1.207] (b3 [0.812, 1.24] b10 [0.856, 1.126])
   Q2 all_bos vs current | immediate cap_on                   net  228.28 vs   68.60 diff  159.68 CI90 [-32.28, 308.93] | DD  67.29 vs 117.37 ratio 0.573 CI90 [0.268, 1.762] (b3 [0.239, 1.695] b10 [0.367, 1.731])
   Q2 all_bos vs current | immediate cap_off                  net  171.00 vs  112.52 diff   58.48 CI90 [-120.57, 183.16] | DD 147.31 vs 127.33 ratio 1.157 CI90 [0.749, 1.704] (b3 [0.729, 1.709] b10 [0.848, 1.626])
   Q2 all_bos vs current | delay_debt cap_on                  net  150.23 vs   84.07 diff   66.16 CI90 [-45.83, 136.68] | DD  62.55 vs  40.41 ratio 1.548 CI90 [0.509, 1.614] (b3 [0.467, 1.526] b10 [0.644, 1.722])
   Q2 all_bos vs current | delay_debt cap_off                 net  113.41 vs  109.61 diff    3.80 CI90 [-108.33, 66.5] | DD  77.34 vs  72.70 ratio 1.064 CI90 [0.459, 1.561] (b3 [0.503, 1.533] b10 [0.55, 1.596])
   Q2 all_bos vs current | delay_always cap_on                net  236.38 vs  126.41 diff  109.97 CI90 [-45.58, 213.29] | DD  41.85 vs  53.94 ratio 0.776 CI90 [0.295, 1.205] (b3 [0.292, 1.18] b10 [0.343, 1.161])
   Q2 all_bos vs current | delay_always cap_off               net  161.04 vs  135.74 diff   25.30 CI90 [-77.78, 79.9] | DD  81.84 vs  65.25 ratio 1.254 CI90 [0.475, 1.676] (b3 [0.522, 1.599] b10 [0.566, 1.792])
   Q3 cap off vs on | immediate current                       net  112.52 vs   68.60 diff   43.92 CI90 [-113.13, 212.33] | DD 127.33 vs 117.37 ratio 1.085 CI90 [0.799, 2.91] (b3 [0.744, 2.344] b10 [0.979, 4.31])
   Q3 cap off vs on | immediate all_bos                       net  171.00 vs  228.28 diff  -57.28 CI90 [-260.16, 201.21] | DD 147.31 vs  67.29 ratio 2.189 CI90 [1.124, 3.927] (b3 [1.103, 4.105] b10 [1.347, 4.179])
   Q3 cap off vs on | delay_debt current                      net  109.61 vs   84.07 diff   25.54 CI90 [-47.17, 105.4] | DD  72.70 vs  40.41 ratio 1.799 CI90 [0.835, 1.899] (b3 [0.764, 1.78] b10 [0.892, 1.855])
   Q3 cap off vs on | delay_debt all_bos                      net  113.41 vs  150.23 diff  -36.82 CI90 [-104.22, 38.75] | DD  77.34 vs  62.55 ratio 1.236 CI90 [0.837, 1.725] (b3 [0.767, 1.754] b10 [0.92, 1.56])
   Q3 cap off vs on | delay_always current                    net  135.74 vs  126.41 diff    9.33 CI90 [-80.6, 90.13] | DD  65.25 vs  53.94 ratio 1.21 CI90 [0.911, 1.534] (b3 [0.805, 1.571] b10 [0.936, 1.397])
   Q3 cap off vs on | delay_always all_bos                    net  161.04 vs  236.38 diff  -75.34 CI90 [-202.13, 60.97] | DD  81.84 vs  41.85 ratio 1.956 CI90 [1.072, 3.271] (b3 [1.033, 3.017] b10 [1.191, 3.378])
   Q4 interactions: {"allbos_effect_immediate": {"cap_on": 159.68, "cap_off": 58.48}, "capoff_effect_immediate": {"current": 43.92, "all_bos": -57.28}, "allbos_effect_delay_debt": {"cap_on": 66.16, "cap_off": 3.8}, "capoff_effect_delay_debt": {"current": 25.54, "all_bos": -36.82}, "allbos_effect_delay_always": {"cap_on": 109.97, "cap_off": 25.3}, "capoff_effect_delay_always": {"current": 9.33, "all_bos": -75.34}}
   attribution: recovery delay vs half_main (cap on, current) net   84.07 vs   14.59 diff   69.48 CI90 [-23.2, 192.7] | DD  40.41 vs  45.09 ratio 0.896 CI90 [0.896, 2.1] (b3 [0.82, 2.261] b10 [0.899, 2.002])
== bos|0.35 (duplicates: {'no_debt_gate': False, 'no_cap': False})
   Q1 always vs recovery delay | current cap_on               net   24.60 vs   -4.23 diff   28.83 CI90 [-27.4, 82.06] | DD  77.65 vs  66.41 ratio 1.169 CI90 [0.699, 1.3] (b3 [0.675, 1.359] b10 [0.743, 1.239])
   Q1 always vs recovery delay | current cap_off              net   22.41 vs    1.63 diff   20.78 CI90 [-5.91, 47.77] | DD  77.65 vs  75.80 ratio 1.024 CI90 [0.869, 1.135] (b3 [0.86, 1.145] b10 [0.894, 1.125])
   Q1 always vs recovery delay | all_bos cap_on               net   87.06 vs  -66.38 diff  153.44 CI90 [29.9, 338.58] | DD  88.14 vs  84.05 ratio 1.049 CI90 [0.455, 0.993] (b3 [0.431, 0.974] b10 [0.5, 1.0])
   Q1 always vs recovery delay | all_bos cap_off              net   24.28 vs   14.66 diff    9.62 CI90 [-8.95, 27.9] | DD  95.86 vs  94.27 ratio 1.017 CI90 [0.902, 1.115] (b3 [0.875, 1.126] b10 [0.918, 1.093])
   Q2 all_bos vs current | immediate cap_on                   net  -66.21 vs  -72.13 diff    5.92 CI90 [-63.42, 67.66] | DD 131.90 vs 117.02 ratio 1.127 CI90 [0.859, 1.697] (b3 [0.823, 1.761] b10 [0.947, 1.484])
   Q2 all_bos vs current | immediate cap_off                  net  -65.43 vs    7.13 diff  -72.56 CI90 [-292.73, 27.1] | DD 164.89 vs 129.72 ratio 1.271 CI90 [0.606, 2.196] (b3 [0.484, 2.066] b10 [0.746, 2.207])
   Q2 all_bos vs current | delay_debt cap_on                  net  -66.38 vs   -4.23 diff  -62.15 CI90 [-262.94, 50.51] | DD  84.05 vs  66.41 ratio 1.266 CI90 [0.518, 2.425] (b3 [0.473, 2.315] b10 [0.75, 2.52])
   Q2 all_bos vs current | delay_debt cap_off                 net   14.66 vs    1.63 diff   13.03 CI90 [-57.63, 52.07] | DD  94.27 vs  75.80 ratio 1.244 CI90 [0.658, 1.522] (b3 [0.63, 1.497] b10 [0.683, 1.587])
   Q2 all_bos vs current | delay_always cap_on                net   87.06 vs   24.60 diff   62.46 CI90 [-54.12, 167.98] | DD  88.14 vs  77.65 ratio 1.135 CI90 [0.333, 1.648] (b3 [0.321, 1.526] b10 [0.515, 1.684])
   Q2 all_bos vs current | delay_always cap_off               net   24.28 vs   22.41 diff    1.87 CI90 [-72.16, 43.56] | DD  95.86 vs  77.65 ratio 1.235 CI90 [0.683, 1.472] (b3 [0.675, 1.483] b10 [0.707, 1.508])
   Q3 cap off vs on | immediate current                       net    7.13 vs  -72.13 diff   79.26 CI90 [-21.74, 290.69] | DD 129.72 vs 117.02 ratio 1.109 CI90 [0.609, 2.294] (b3 [0.619, 2.659] b10 [0.608, 1.907])
   Q3 cap off vs on | immediate all_bos                       net  -65.43 vs  -66.21 diff    0.78 CI90 [-76.61, 88.49] | DD 164.89 vs 131.90 ratio 1.25 CI90 [0.87, 1.502] (b3 [0.823, 1.426] b10 [0.969, 1.584])
   Q3 cap off vs on | delay_debt current                      net    1.63 vs   -4.23 diff    5.86 CI90 [-44.83, 54.57] | DD  75.80 vs  66.41 ratio 1.141 CI90 [0.825, 1.314] (b3 [0.757, 1.321] b10 [0.841, 1.262])
   Q3 cap off vs on | delay_debt all_bos                      net   14.66 vs  -66.38 diff   81.04 CI90 [-24.35, 232.61] | DD  94.27 vs  84.05 ratio 1.122 CI90 [0.547, 1.535] (b3 [0.531, 1.578] b10 [0.571, 1.162])
   Q3 cap off vs on | delay_always current                    net   22.41 vs   24.60 diff   -2.19 CI90 [-77.11, 71.01] | DD  77.65 vs  77.65 ratio 1.0 CI90 [0.83, 1.31] (b3 [0.772, 1.335] b10 [0.941, 1.233])
   Q3 cap off vs on | delay_always all_bos                    net   24.28 vs   87.06 diff  -62.78 CI90 [-173.06, 41.91] | DD  95.86 vs  88.14 ratio 1.088 CI90 [0.815, 2.332] (b3 [0.819, 2.513] b10 [0.854, 1.582])
   Q4 interactions: {"allbos_effect_immediate": {"cap_on": 5.92, "cap_off": -72.56}, "capoff_effect_immediate": {"current": 79.26, "all_bos": 0.78}, "allbos_effect_delay_debt": {"cap_on": -62.15, "cap_off": 13.03}, "capoff_effect_delay_debt": {"current": 5.86, "all_bos": 81.04}, "allbos_effect_delay_always": {"cap_on": 62.46, "cap_off": 1.87}, "capoff_effect_delay_always": {"current": -2.19, "all_bos": -62.78}}
   attribution: recovery delay vs half_main (cap on, current) net   -4.23 vs  -18.55 diff   14.32 CI90 [-95.07, 157.31] | DD  66.41 vs  42.52 ratio 1.562 CI90 [1.036, 2.704] (b3 [0.889, 2.831] b10 [1.175, 2.225])
== infinity|0.00 (duplicates: {'no_debt_gate': False, 'no_cap': False})
   Q1 always vs recovery delay | current cap_on               net   41.92 vs   38.01 diff    3.91 CI90 [-22.26, 30.35] | DD  33.29 vs  26.24 ratio 1.269 CI90 [0.673, 1.366] (b3 [0.681, 1.39] b10 [0.67, 1.354])
   Q1 always vs recovery delay | current cap_off              net   42.06 vs   22.00 diff   20.06 CI90 [-6.18, 52.78] | DD  33.29 vs  36.00 ratio 0.925 CI90 [0.829, 1.402] (b3 [0.847, 1.37] b10 [0.82, 1.469])
   Q1 always vs recovery delay | all_bos cap_on               net   92.27 vs  106.33 diff  -14.06 CI90 [-43.02, 7.13] | DD  19.95 vs  23.47 ratio 0.85 CI90 [0.536, 0.975] (b3 [0.536, 0.995] b10 [0.536, 0.934])
   Q1 always vs recovery delay | all_bos cap_off              net   45.10 vs   41.99 diff    3.11 CI90 [-24.97, 31.22] | DD  36.41 vs  23.33 ratio 1.561 CI90 [0.842, 1.873] (b3 [0.862, 1.843] b10 [0.863, 1.988])
   Q2 all_bos vs current | immediate cap_on                   net   61.73 vs   38.49 diff   23.24 CI90 [-36.74, 48.46] | DD  51.36 vs  56.78 ratio 0.905 CI90 [0.824, 2.056] (b3 [0.752, 1.897] b10 [0.897, 1.943])
   Q2 all_bos vs current | immediate cap_off                  net   60.22 vs   67.42 diff   -7.20 CI90 [-95.63, 39.2] | DD  66.83 vs  56.78 ratio 1.177 CI90 [0.73, 1.74] (b3 [0.73, 1.759] b10 [0.85, 1.6])
   Q2 all_bos vs current | delay_debt cap_on                  net  106.33 vs   38.01 diff   68.32 CI90 [7.02, 108.65] | DD  23.47 vs  26.24 ratio 0.894 CI90 [0.38, 1.638] (b3 [0.362, 1.532] b10 [0.547, 1.746])
   Q2 all_bos vs current | delay_debt cap_off                 net   41.99 vs   22.00 diff   19.99 CI90 [-16.74, 41.15] | DD  23.33 vs  36.00 ratio 0.648 CI90 [0.456, 1.386] (b3 [0.476, 1.353] b10 [0.522, 1.366])
   Q2 all_bos vs current | delay_always cap_on                net   92.27 vs   41.92 diff   50.35 CI90 [-16.02, 101.9] | DD  19.95 vs  33.29 ratio 0.599 CI90 [0.235, 1.74] (b3 [0.244, 1.541] b10 [0.364, 1.757])
   Q2 all_bos vs current | delay_always cap_off               net   45.10 vs   42.06 diff    3.04 CI90 [-51.78, 32.02] | DD  36.41 vs  33.29 ratio 1.094 CI90 [0.505, 1.597] (b3 [0.541, 1.567] b10 [0.597, 1.64])
   Q3 cap off vs on | immediate current                       net   67.42 vs   38.49 diff   28.93 CI90 [-55.53, 108.86] | DD  56.78 vs  56.78 ratio 1.0 CI90 [0.797, 3.853] (b3 [0.753, 2.74] b10 [0.973, 5.366])
   Q3 cap off vs on | immediate all_bos                       net   60.22 vs   61.73 diff   -1.51 CI90 [-99.28, 89.95] | DD  66.83 vs  51.36 ratio 1.301 CI90 [0.753, 2.631] (b3 [0.759, 2.262] b10 [0.994, 3.573])
   Q3 cap off vs on | delay_debt current                      net   22.00 vs   38.01 diff  -16.01 CI90 [-51.7, 13.32] | DD  36.00 vs  26.24 ratio 1.372 CI90 [0.837, 2.086] (b3 [0.721, 1.9] b10 [0.823, 2.582])
   Q3 cap off vs on | delay_debt all_bos                      net   41.99 vs  106.33 diff  -64.34 CI90 [-103.39, -16.64] | DD  23.33 vs  23.47 ratio 0.994 CI90 [0.73, 2.103] (b3 [0.658, 2.101] b10 [0.673, 1.983])
   Q3 cap off vs on | delay_always current                    net   42.06 vs   41.92 diff    0.14 CI90 [-41.25, 41.83] | DD  33.29 vs  33.29 ratio 1.0 CI90 [0.962, 2.406] (b3 [0.884, 2.045] b10 [0.981, 3.181])
   Q3 cap off vs on | delay_always all_bos                    net   45.10 vs   92.27 diff  -47.17 CI90 [-105.04, 22.1] | DD  36.41 vs  19.95 ratio 1.825 CI90 [1.15, 3.666] (b3 [1.081, 3.483] b10 [1.16, 3.43])
   Q4 interactions: {"allbos_effect_immediate": {"cap_on": 23.24, "cap_off": -7.2}, "capoff_effect_immediate": {"current": 28.93, "all_bos": -1.51}, "allbos_effect_delay_debt": {"cap_on": 68.32, "cap_off": 19.99}, "capoff_effect_delay_debt": {"current": -16.01, "all_bos": -64.34}, "allbos_effect_delay_always": {"cap_on": 50.35, "cap_off": 3.04}, "capoff_effect_delay_always": {"current": 0.14, "all_bos": -47.17}}
   attribution: recovery delay vs half_main (cap on, current) net   38.01 vs   17.71 diff   20.30 CI90 [-12.01, 55.71] | DD  26.24 vs  31.90 ratio 0.823 CI90 [0.449, 1.157] (b3 [0.504, 1.275] b10 [0.406, 1.113])
== infinity|0.35 (duplicates: {'no_debt_gate': False, 'no_cap': False})
   Q1 always vs recovery delay | current cap_on               net    1.98 vs   -6.54 diff    8.52 CI90 [-8.47, 24.22] | DD  32.59 vs  34.41 ratio 0.947 CI90 [0.648, 1.074] (b3 [0.619, 1.097] b10 [0.68, 1.112])
   Q1 always vs recovery delay | current cap_off              net   -1.64 vs   -3.26 diff    1.62 CI90 [-19.69, 20.76] | DD  41.07 vs  29.64 ratio 1.386 CI90 [0.852, 1.603] (b3 [0.841, 1.61] b10 [0.867, 1.482])
   Q1 always vs recovery delay | all_bos cap_on               net   32.23 vs    4.61 diff   27.62 CI90 [-4.46, 58.02] | DD  27.01 vs  27.52 ratio 0.981 CI90 [0.436, 1.235] (b3 [0.39, 1.156] b10 [0.616, 1.293])
   Q1 always vs recovery delay | all_bos cap_off              net    2.57 vs   -6.42 diff    8.99 CI90 [2.18, 15.42] | DD  27.01 vs  27.52 ratio 0.981 CI90 [0.819, 1.0] (b3 [0.782, 1.0] b10 [0.855, 1.0])
   Q2 all_bos vs current | immediate cap_on                   net  -15.56 vs  -24.66 diff    9.10 CI90 [-34.23, 33.65] | DD  48.24 vs  54.99 ratio 0.877 CI90 [0.707, 1.832] (b3 [0.688, 1.693] b10 [0.772, 1.887])
   Q2 all_bos vs current | immediate cap_off                  net  -12.03 vs    0.68 diff  -12.71 CI90 [-57.24, 12.63] | DD  64.76 vs  54.99 ratio 1.178 CI90 [0.792, 1.827] (b3 [0.796, 1.775] b10 [0.831, 1.945])
   Q2 all_bos vs current | delay_debt cap_on                  net    4.61 vs   -6.54 diff   11.15 CI90 [-18.03, 35.11] | DD  27.52 vs  34.41 ratio 0.8 CI90 [0.542, 1.402] (b3 [0.524, 1.364] b10 [0.649, 1.498])
   Q2 all_bos vs current | delay_debt cap_off                 net   -6.42 vs   -3.26 diff   -3.16 CI90 [-21.94, 8.57] | DD  27.52 vs  29.64 ratio 0.928 CI90 [0.824, 1.462] (b3 [0.819, 1.452] b10 [0.855, 1.522])
   Q2 all_bos vs current | delay_always cap_on                net   32.23 vs    1.98 diff   30.25 CI90 [-18.73, 74.76] | DD  27.01 vs  32.59 ratio 0.829 CI90 [0.319, 1.658] (b3 [0.291, 1.537] b10 [0.481, 1.657])
   Q2 all_bos vs current | delay_always cap_off               net    2.57 vs   -1.64 diff    4.21 CI90 [-27.65, 30.31] | DD  27.01 vs  41.07 ratio 0.658 CI90 [0.544, 1.433] (b3 [0.538, 1.372] b10 [0.586, 1.483])
   Q3 cap off vs on | immediate current                       net    0.68 vs  -24.66 diff   25.34 CI90 [-9.79, 67.22] | DD  54.99 vs  54.99 ratio 1.0 CI90 [0.774, 1.578] (b3 [0.754, 1.446] b10 [0.848, 1.639])
   Q3 cap off vs on | immediate all_bos                       net  -12.03 vs  -15.56 diff    3.53 CI90 [-31.79, 41.6] | DD  64.76 vs  48.24 ratio 1.342 CI90 [0.855, 1.632] (b3 [0.836, 1.638] b10 [0.926, 1.7])
   Q3 cap off vs on | delay_debt current                      net   -3.26 vs   -6.54 diff    3.28 CI90 [-24.71, 22.09] | DD  29.64 vs  34.41 ratio 0.861 CI90 [0.671, 1.177] (b3 [0.611, 1.177] b10 [0.747, 1.176])
   Q3 cap off vs on | delay_debt all_bos                      net   -6.42 vs    4.61 diff  -11.03 CI90 [-36.4, 9.08] | DD  27.52 vs  27.52 ratio 1.0 CI90 [0.875, 1.463] (b3 [0.753, 1.547] b10 [0.898, 1.284])
   Q3 cap off vs on | delay_always current                    net   -1.64 vs    1.98 diff   -3.62 CI90 [-31.33, 19.99] | DD  41.07 vs  32.59 ratio 1.26 CI90 [0.861, 1.589] (b3 [0.797, 1.683] b10 [0.885, 1.416])
   Q3 cap off vs on | delay_always all_bos                    net    2.57 vs   32.23 diff  -29.66 CI90 [-72.01, 7.06] | DD  27.01 vs  27.01 ratio 1.0 CI90 [0.818, 2.547] (b3 [0.83, 2.592] b10 [0.816, 1.664])
   Q4 interactions: {"allbos_effect_immediate": {"cap_on": 9.1, "cap_off": -12.71}, "capoff_effect_immediate": {"current": 25.34, "all_bos": 3.53}, "allbos_effect_delay_debt": {"cap_on": 11.15, "cap_off": -3.16}, "capoff_effect_delay_debt": {"current": 3.28, "all_bos": -11.03}, "allbos_effect_delay_always": {"cap_on": 30.25, "cap_off": 4.21}, "capoff_effect_delay_always": {"current": -3.62, "all_bos": -29.66}}
   attribution: recovery delay vs half_main (cap on, current) net   -6.54 vs  -10.89 diff    4.35 CI90 [-54.24, 53.88] | DD  34.41 vs  41.22 ratio 0.835 CI90 [0.468, 1.509] (b3 [0.486, 1.532] b10 [0.462, 1.098])
== reference_uncapped|0.00 (duplicates: {'no_debt_gate': True, 'no_cap': True})
   Q1 always vs recovery delay | current cap_on               net   77.74 vs   53.75 diff   23.99 CI90 [6.67, 33.85] | DD  44.95 vs  45.97 ratio 0.978 CI90 [0.81, 1.0] (b3 [0.79, 1.0] b10 [0.812, 1.0])
   Q1 always vs recovery delay | current cap_off              net   77.74 vs   53.75 diff   23.99 CI90 [6.67, 33.85] | DD  44.95 vs  45.97 ratio 0.978 CI90 [0.81, 1.0] (b3 [0.79, 1.0] b10 [0.812, 1.0])
   Q1 always vs recovery delay | all_bos cap_on               net   77.74 vs   53.75 diff   23.99 CI90 [6.67, 33.85] | DD  44.95 vs  45.97 ratio 0.978 CI90 [0.81, 1.0] (b3 [0.79, 1.0] b10 [0.812, 1.0])
   Q1 always vs recovery delay | all_bos cap_off              net   77.74 vs   53.75 diff   23.99 CI90 [6.67, 33.85] | DD  44.95 vs  45.97 ratio 0.978 CI90 [0.81, 1.0] (b3 [0.79, 1.0] b10 [0.812, 1.0])
   Q2 all_bos vs current | immediate cap_on                   net   60.59 vs   60.59 diff    0.00 CI90 [0.0, 0.0] | DD  84.72 vs  84.72 ratio 1.0 CI90 [1.0, 1.0] (b3 [1.0, 1.0] b10 [1.0, 1.0])
   Q2 all_bos vs current | immediate cap_off                  net   60.59 vs   60.59 diff    0.00 CI90 [0.0, 0.0] | DD  84.72 vs  84.72 ratio 1.0 CI90 [1.0, 1.0] (b3 [1.0, 1.0] b10 [1.0, 1.0])
   Q2 all_bos vs current | delay_debt cap_on                  net   53.75 vs   53.75 diff    0.00 CI90 [0.0, 0.0] | DD  45.97 vs  45.97 ratio 1.0 CI90 [1.0, 1.0] (b3 [1.0, 1.0] b10 [1.0, 1.0])
   Q2 all_bos vs current | delay_debt cap_off                 net   53.75 vs   53.75 diff    0.00 CI90 [0.0, 0.0] | DD  45.97 vs  45.97 ratio 1.0 CI90 [1.0, 1.0] (b3 [1.0, 1.0] b10 [1.0, 1.0])
   Q2 all_bos vs current | delay_always cap_on                net   77.74 vs   77.74 diff    0.00 CI90 [0.0, 0.0] | DD  44.95 vs  44.95 ratio 1.0 CI90 [1.0, 1.0] (b3 [1.0, 1.0] b10 [1.0, 1.0])
   Q2 all_bos vs current | delay_always cap_off               net   77.74 vs   77.74 diff    0.00 CI90 [0.0, 0.0] | DD  44.95 vs  44.95 ratio 1.0 CI90 [1.0, 1.0] (b3 [1.0, 1.0] b10 [1.0, 1.0])
   Q3 cap off vs on | immediate current                       net   60.59 vs   60.59 diff    0.00 CI90 [0.0, 0.0] | DD  84.72 vs  84.72 ratio 1.0 CI90 [1.0, 1.0] (b3 [1.0, 1.0] b10 [1.0, 1.0])
   Q3 cap off vs on | immediate all_bos                       net   60.59 vs   60.59 diff    0.00 CI90 [0.0, 0.0] | DD  84.72 vs  84.72 ratio 1.0 CI90 [1.0, 1.0] (b3 [1.0, 1.0] b10 [1.0, 1.0])
   Q3 cap off vs on | delay_debt current                      net   53.75 vs   53.75 diff    0.00 CI90 [0.0, 0.0] | DD  45.97 vs  45.97 ratio 1.0 CI90 [1.0, 1.0] (b3 [1.0, 1.0] b10 [1.0, 1.0])
   Q3 cap off vs on | delay_debt all_bos                      net   53.75 vs   53.75 diff    0.00 CI90 [0.0, 0.0] | DD  45.97 vs  45.97 ratio 1.0 CI90 [1.0, 1.0] (b3 [1.0, 1.0] b10 [1.0, 1.0])
   Q3 cap off vs on | delay_always current                    net   77.74 vs   77.74 diff    0.00 CI90 [0.0, 0.0] | DD  44.95 vs  44.95 ratio 1.0 CI90 [1.0, 1.0] (b3 [1.0, 1.0] b10 [1.0, 1.0])
   Q3 cap off vs on | delay_always all_bos                    net   77.74 vs   77.74 diff    0.00 CI90 [0.0, 0.0] | DD  44.95 vs  44.95 ratio 1.0 CI90 [1.0, 1.0] (b3 [1.0, 1.0] b10 [1.0, 1.0])
   Q4 interactions: {"allbos_effect_immediate": {"cap_on": 0.0, "cap_off": 0.0}, "capoff_effect_immediate": {"current": 0.0, "all_bos": 0.0}, "allbos_effect_delay_debt": {"cap_on": 0.0, "cap_off": 0.0}, "capoff_effect_delay_debt": {"current": 0.0, "all_bos": 0.0}, "allbos_effect_delay_always": {"cap_on": 0.0, "cap_off": 0.0}, "capoff_effect_delay_always": {"current": 0.0, "all_bos": 0.0}}
   attribution: recovery delay vs half_main (cap on, current) net   53.75 vs   12.05 diff   41.70 CI90 [-14.92, 94.77] | DD  45.97 vs  45.64 ratio 1.007 CI90 [0.602, 1.27] (b3 [0.537, 1.327] b10 [0.639, 1.171])
== reference_uncapped|0.35 (duplicates: {'no_debt_gate': True, 'no_cap': True})
   Q1 always vs recovery delay | current cap_on               net   14.04 vs    0.70 diff   13.34 CI90 [3.01, 22.57] | DD  60.70 vs  61.72 ratio 0.983 CI90 [0.831, 1.0] (b3 [0.8, 1.0] b10 [0.845, 1.0])
   Q1 always vs recovery delay | current cap_off              net   14.04 vs    0.70 diff   13.34 CI90 [3.01, 22.57] | DD  60.70 vs  61.72 ratio 0.983 CI90 [0.831, 1.0] (b3 [0.8, 1.0] b10 [0.845, 1.0])
   Q1 always vs recovery delay | all_bos cap_on               net   14.04 vs    0.70 diff   13.34 CI90 [3.01, 22.57] | DD  60.70 vs  61.72 ratio 0.983 CI90 [0.831, 1.0] (b3 [0.8, 1.0] b10 [0.845, 1.0])
   Q1 always vs recovery delay | all_bos cap_off              net   14.04 vs    0.70 diff   13.34 CI90 [3.01, 22.57] | DD  60.70 vs  61.72 ratio 0.983 CI90 [0.831, 1.0] (b3 [0.8, 1.0] b10 [0.845, 1.0])
   Q2 all_bos vs current | immediate cap_on                   net  -43.01 vs  -43.01 diff    0.00 CI90 [0.0, 0.0] | DD 113.52 vs 113.52 ratio 1.0 CI90 [1.0, 1.0] (b3 [1.0, 1.0] b10 [1.0, 1.0])
   Q2 all_bos vs current | immediate cap_off                  net  -43.01 vs  -43.01 diff    0.00 CI90 [0.0, 0.0] | DD 113.52 vs 113.52 ratio 1.0 CI90 [1.0, 1.0] (b3 [1.0, 1.0] b10 [1.0, 1.0])
   Q2 all_bos vs current | delay_debt cap_on                  net    0.70 vs    0.70 diff    0.00 CI90 [0.0, 0.0] | DD  61.72 vs  61.72 ratio 1.0 CI90 [1.0, 1.0] (b3 [1.0, 1.0] b10 [1.0, 1.0])
   Q2 all_bos vs current | delay_debt cap_off                 net    0.70 vs    0.70 diff    0.00 CI90 [0.0, 0.0] | DD  61.72 vs  61.72 ratio 1.0 CI90 [1.0, 1.0] (b3 [1.0, 1.0] b10 [1.0, 1.0])
   Q2 all_bos vs current | delay_always cap_on                net   14.04 vs   14.04 diff    0.00 CI90 [0.0, 0.0] | DD  60.70 vs  60.70 ratio 1.0 CI90 [1.0, 1.0] (b3 [1.0, 1.0] b10 [1.0, 1.0])
   Q2 all_bos vs current | delay_always cap_off               net   14.04 vs   14.04 diff    0.00 CI90 [0.0, 0.0] | DD  60.70 vs  60.70 ratio 1.0 CI90 [1.0, 1.0] (b3 [1.0, 1.0] b10 [1.0, 1.0])
   Q3 cap off vs on | immediate current                       net  -43.01 vs  -43.01 diff    0.00 CI90 [0.0, 0.0] | DD 113.52 vs 113.52 ratio 1.0 CI90 [1.0, 1.0] (b3 [1.0, 1.0] b10 [1.0, 1.0])
   Q3 cap off vs on | immediate all_bos                       net  -43.01 vs  -43.01 diff    0.00 CI90 [0.0, 0.0] | DD 113.52 vs 113.52 ratio 1.0 CI90 [1.0, 1.0] (b3 [1.0, 1.0] b10 [1.0, 1.0])
   Q3 cap off vs on | delay_debt current                      net    0.70 vs    0.70 diff    0.00 CI90 [0.0, 0.0] | DD  61.72 vs  61.72 ratio 1.0 CI90 [1.0, 1.0] (b3 [1.0, 1.0] b10 [1.0, 1.0])
   Q3 cap off vs on | delay_debt all_bos                      net    0.70 vs    0.70 diff    0.00 CI90 [0.0, 0.0] | DD  61.72 vs  61.72 ratio 1.0 CI90 [1.0, 1.0] (b3 [1.0, 1.0] b10 [1.0, 1.0])
   Q3 cap off vs on | delay_always current                    net   14.04 vs   14.04 diff    0.00 CI90 [0.0, 0.0] | DD  60.70 vs  60.70 ratio 1.0 CI90 [1.0, 1.0] (b3 [1.0, 1.0] b10 [1.0, 1.0])
   Q3 cap off vs on | delay_always all_bos                    net   14.04 vs   14.04 diff    0.00 CI90 [0.0, 0.0] | DD  60.70 vs  60.70 ratio 1.0 CI90 [1.0, 1.0] (b3 [1.0, 1.0] b10 [1.0, 1.0])
   Q4 interactions: {"allbos_effect_immediate": {"cap_on": 0.0, "cap_off": 0.0}, "capoff_effect_immediate": {"current": 0.0, "all_bos": 0.0}, "allbos_effect_delay_debt": {"cap_on": 0.0, "cap_off": 0.0}, "capoff_effect_delay_debt": {"current": 0.0, "all_bos": 0.0}, "allbos_effect_delay_always": {"cap_on": 0.0, "cap_off": 0.0}, "capoff_effect_delay_always": {"current": 0.0, "all_bos": 0.0}}
   attribution: recovery delay vs half_main (cap on, current) net    0.70 vs  -21.71 diff   22.41 CI90 [-42.96, 74.0] | DD  61.72 vs  57.59 ratio 1.072 CI90 [0.563, 1.522] (b3 [0.521, 1.531] b10 [0.606, 1.378])
== u224016179|0.00 (duplicates: {'no_debt_gate': False, 'no_cap': False})
   Q1 always vs recovery delay | current cap_on               net   79.80 vs   48.14 diff   31.66 CI90 [-11.73, 80.85] | DD  43.01 vs  32.86 ratio 1.309 CI90 [0.579, 1.518] (b3 [0.584, 1.569] b10 [0.596, 1.492])
   Q1 always vs recovery delay | current cap_off              net   94.76 vs   79.00 diff   15.76 CI90 [-20.32, 54.8] | DD  55.28 vs  47.94 ratio 1.153 CI90 [0.813, 1.33] (b3 [0.83, 1.348] b10 [0.805, 1.158])
   Q1 always vs recovery delay | all_bos cap_on               net  142.39 vs   88.43 diff   53.96 CI90 [-24.19, 98.5] | DD  29.19 vs  34.40 ratio 0.849 CI90 [0.471, 1.598] (b3 [0.502, 1.761] b10 [0.444, 1.434])
   Q1 always vs recovery delay | all_bos cap_off              net  123.18 vs   83.92 diff   39.26 CI90 [8.05, 71.69] | DD  44.11 vs  45.55 ratio 0.968 CI90 [0.801, 1.104] (b3 [0.796, 1.143] b10 [0.828, 1.025])
   Q2 all_bos vs current | immediate cap_on                   net    8.63 vs   62.24 diff  -53.61 CI90 [-154.08, -7.71] | DD  55.80 vs  61.10 ratio 0.913 CI90 [0.866, 2.905] (b3 [0.842, 2.534] b10 [0.913, 3.68])
   Q2 all_bos vs current | immediate cap_off                  net   59.55 vs   64.02 diff   -4.47 CI90 [-73.01, 38.01] | DD  70.66 vs  62.19 ratio 1.136 CI90 [0.909, 1.568] (b3 [0.886, 1.701] b10 [0.974, 1.447])
   Q2 all_bos vs current | delay_debt cap_on                  net   88.43 vs   48.14 diff   40.29 CI90 [-21.99, 92.25] | DD  34.40 vs  32.86 ratio 1.047 CI90 [0.43, 1.709] (b3 [0.407, 1.515] b10 [0.551, 1.951])
   Q2 all_bos vs current | delay_debt cap_off                 net   83.92 vs   79.00 diff    4.92 CI90 [-71.42, 45.68] | DD  45.55 vs  47.94 ratio 0.95 CI90 [0.493, 1.615] (b3 [0.544, 1.52] b10 [0.591, 1.8])
   Q2 all_bos vs current | delay_always cap_on                net  142.39 vs   79.80 diff   62.59 CI90 [-14.17, 99.33] | DD  29.19 vs  43.01 ratio 0.679 CI90 [0.393, 1.35] (b3 [0.443, 1.312] b10 [0.467, 1.378])
   Q2 all_bos vs current | delay_always cap_off               net  123.18 vs   94.76 diff   28.42 CI90 [-47.47, 74.55] | DD  44.11 vs  55.28 ratio 0.798 CI90 [0.381, 1.651] (b3 [0.423, 1.505] b10 [0.467, 1.873])
   Q3 cap off vs on | immediate current                       net   64.02 vs   62.24 diff    1.78 CI90 [-86.35, 82.61] | DD  62.19 vs  61.10 ratio 1.018 CI90 [0.789, 2.693] (b3 [0.764, 2.211] b10 [0.946, 4.046])
   Q3 cap off vs on | immediate all_bos                       net   59.55 vs    8.63 diff   50.92 CI90 [3.53, 114.55] | DD  70.66 vs  55.80 ratio 1.266 CI90 [0.806, 1.467] (b3 [0.769, 1.471] b10 [0.952, 1.63])
   Q3 cap off vs on | delay_debt current                      net   79.00 vs   48.14 diff   30.86 CI90 [-25.26, 94.26] | DD  47.94 vs  32.86 ratio 1.459 CI90 [0.918, 1.84] (b3 [0.806, 1.713] b10 [0.975, 1.8])
   Q3 cap off vs on | delay_debt all_bos                      net   83.92 vs   88.43 diff   -4.51 CI90 [-58.61, 38.44] | DD  45.55 vs  34.40 ratio 1.324 CI90 [0.878, 2.148] (b3 [0.804, 2.107] b10 [0.974, 1.882])
   Q3 cap off vs on | delay_always current                    net   94.76 vs   79.80 diff   14.96 CI90 [-50.75, 90.63] | DD  55.28 vs  43.01 ratio 1.285 CI90 [0.869, 1.952] (b3 [0.817, 1.853] b10 [0.842, 2.261])
   Q3 cap off vs on | delay_always all_bos                    net  123.18 vs  142.39 diff  -19.21 CI90 [-81.27, 64.45] | DD  44.11 vs  29.19 ratio 1.511 CI90 [0.937, 2.286] (b3 [0.859, 2.156] b10 [0.971, 2.719])
   Q4 interactions: {"allbos_effect_immediate": {"cap_on": -53.61, "cap_off": -4.47}, "capoff_effect_immediate": {"current": 1.78, "all_bos": 50.92}, "allbos_effect_delay_debt": {"cap_on": 40.29, "cap_off": 4.92}, "capoff_effect_delay_debt": {"current": 30.86, "all_bos": -4.51}, "allbos_effect_delay_always": {"cap_on": 62.59, "cap_off": 28.42}, "capoff_effect_delay_always": {"current": 14.96, "all_bos": -19.21}}
   attribution: recovery delay vs half_main (cap on, current) net   48.14 vs   34.55 diff   13.59 CI90 [-17.68, 48.76] | DD  32.86 vs  33.03 ratio 0.995 CI90 [0.756, 1.491] (b3 [0.772, 1.691] b10 [0.694, 1.334])
== u224016179|0.35 (duplicates: {'no_debt_gate': False, 'no_cap': False})
   Q1 always vs recovery delay | current cap_on               net   10.12 vs   -1.14 diff   11.26 CI90 [-16.0, 34.94] | DD  59.85 vs  48.98 ratio 1.222 CI90 [0.799, 1.295] (b3 [0.784, 1.302] b10 [0.827, 1.284])
   Q1 always vs recovery delay | current cap_off              net    3.92 vs   -5.65 diff    9.57 CI90 [-20.8, 39.73] | DD  59.85 vs  53.60 ratio 1.117 CI90 [0.89, 1.336] (b3 [0.868, 1.344] b10 [0.91, 1.23])
   Q1 always vs recovery delay | all_bos cap_on               net   62.92 vs   11.75 diff   51.17 CI90 [11.23, 93.99] | DD  52.00 vs  53.02 ratio 0.981 CI90 [0.502, 1.0] (b3 [0.462, 1.0] b10 [0.732, 1.0])
   Q1 always vs recovery delay | all_bos cap_off              net   13.84 vs    4.72 diff    9.12 CI90 [-11.86, 29.68] | DD  59.24 vs  53.02 ratio 1.117 CI90 [0.909, 1.257] (b3 [0.876, 1.236] b10 [0.937, 1.207])
   Q2 all_bos vs current | immediate cap_on                   net  -66.37 vs  -44.82 diff  -21.55 CI90 [-126.92, 24.34] | DD  79.70 vs  64.69 ratio 1.232 CI90 [0.577, 2.201] (b3 [0.451, 2.088] b10 [0.721, 2.327])
   Q2 all_bos vs current | immediate cap_off                  net  -25.19 vs  -33.48 diff    8.29 CI90 [-55.53, 41.85] | DD  71.57 vs  64.70 ratio 1.106 CI90 [0.813, 1.754] (b3 [0.78, 1.607] b10 [0.808, 2.032])
   Q2 all_bos vs current | delay_debt cap_on                  net   11.75 vs   -1.14 diff   12.89 CI90 [-42.02, 48.29] | DD  53.02 vs  48.98 ratio 1.082 CI90 [0.566, 1.724] (b3 [0.555, 1.618] b10 [0.652, 1.813])
   Q2 all_bos vs current | delay_debt cap_off                 net    4.72 vs   -5.65 diff   10.37 CI90 [-31.34, 33.27] | DD  53.02 vs  53.60 ratio 0.989 CI90 [0.684, 1.476] (b3 [0.674, 1.45] b10 [0.704, 1.586])
   Q2 all_bos vs current | delay_always cap_on                net   62.92 vs   10.12 diff   52.80 CI90 [-29.7, 131.67] | DD  52.00 vs  59.85 ratio 0.869 CI90 [0.286, 1.729] (b3 [0.274, 1.544] b10 [0.436, 1.775])
   Q2 all_bos vs current | delay_always cap_off               net   13.84 vs    3.92 diff    9.92 CI90 [-43.94, 45.9] | DD  59.24 vs  59.85 ratio 0.99 CI90 [0.654, 1.447] (b3 [0.65, 1.409] b10 [0.69, 1.51])
   Q3 cap off vs on | immediate current                       net  -33.48 vs  -44.82 diff   11.34 CI90 [-14.18, 41.08] | DD  64.70 vs  64.69 ratio 1.0 CI90 [0.713, 1.155] (b3 [0.737, 1.161] b10 [0.73, 1.198])
   Q3 cap off vs on | immediate all_bos                       net  -25.19 vs  -66.37 diff   41.18 CI90 [-8.51, 135.57] | DD  71.57 vs  79.70 ratio 0.898 CI90 [0.541, 1.635] (b3 [0.553, 2.14] b10 [0.581, 1.392])
   Q3 cap off vs on | delay_debt current                      net   -5.65 vs   -1.14 diff   -4.51 CI90 [-54.02, 36.51] | DD  53.60 vs  48.98 ratio 1.094 CI90 [0.786, 1.451] (b3 [0.713, 1.453] b10 [0.939, 1.381])
   Q3 cap off vs on | delay_debt all_bos                      net    4.72 vs   11.75 diff   -7.03 CI90 [-51.6, 36.11] | DD  53.02 vs  53.02 ratio 1.0 CI90 [0.737, 1.438] (b3 [0.695, 1.513] b10 [0.776, 1.284])
   Q3 cap off vs on | delay_always current                    net    3.92 vs   10.12 diff   -6.20 CI90 [-65.16, 49.16] | DD  59.85 vs  59.85 ratio 1.0 CI90 [0.899, 1.495] (b3 [0.809, 1.51] b10 [0.957, 1.459])
   Q3 cap off vs on | delay_always all_bos                    net   13.84 vs   62.92 diff  -49.08 CI90 [-128.71, 24.08] | DD  59.24 vs  52.00 ratio 1.139 CI90 [0.88, 2.698] (b3 [0.854, 2.813] b10 [0.881, 1.78])
   Q4 interactions: {"allbos_effect_immediate": {"cap_on": -21.55, "cap_off": 8.29}, "capoff_effect_immediate": {"current": 11.34, "all_bos": 41.18}, "allbos_effect_delay_debt": {"cap_on": 12.89, "cap_off": 10.37}, "capoff_effect_delay_debt": {"current": -4.51, "all_bos": -7.03}, "allbos_effect_delay_always": {"cap_on": 52.8, "cap_off": 9.92}, "capoff_effect_delay_always": {"current": -6.2, "all_bos": -49.08}}
   attribution: recovery delay vs half_main (cap on, current) net   -1.14 vs  -31.30 diff   30.16 CI90 [-49.87, 121.56] | DD  48.98 vs  41.22 ratio 1.188 CI90 [0.6, 1.981] (b3 [0.554, 2.004] b10 [0.635, 1.549])
DONE
